<?xml version="1.0"?>
<link_info>
   <banner>MSP430 Linker PC v4.4.4</banner>
   <copyright>Copyright (c) 2003-2015 Texas Instruments Incorporated</copyright>
   <link_time>0x55f14a5d</link_time>
   <link_errors>0xc</link_errors>
   <output_file>sht25test.out</output_file>
   <entry_point>
      <name>_c_int00_noargs_noexit</name>
      <address>0xe70a</address>
   </entry_point>
   <input_file_list>
      <input_file id="fl-2">
         <path>.\</path>
         <kind>object</kind>
         <file>I2C_HAL.obj</file>
         <name>I2C_HAL.obj</name>
      </input_file>
      <input_file id="fl-3">
         <path>.\</path>
         <kind>object</kind>
         <file>SHT2x.obj</file>
         <name>SHT2x.obj</name>
      </input_file>
      <input_file id="fl-4">
         <path>.\</path>
         <kind>object</kind>
         <file>System.obj</file>
         <name>System.obj</name>
      </input_file>
      <input_file id="fl-5">
         <path>.\</path>
         <kind>object</kind>
         <file>main.obj</file>
         <name>main.obj</name>
      </input_file>
      <input_file id="fl-9">
         <path>C:\Users\Diego\workspace_v6_1\sht25test\Debug\configPkg\package\cfg\</path>
         <kind>object</kind>
         <file>main_pe430X.oe430X</file>
         <name>main_pe430X.oe430X</name>
      </input_file>
      <input_file id="fl-11">
         <path>C:\ti\grace_3_10_00_82\packages\ti\targets\msp430\rts430\lib\</path>
         <kind>archive</kind>
         <file>boot.ae430X</file>
         <name>boot.oe430X</name>
      </input_file>
      <input_file id="fl-12">
         <path>C:\ti\grace_3_10_00_82\packages\ti\targets\msp430\rts430\lib\</path>
         <kind>archive</kind>
         <file>boot.ae430X</file>
         <name>boot_special.oe430X</name>
      </input_file>
      <input_file id="fl-13">
         <path>C:\ti\grace_3_10_00_82\packages\ti\targets\msp430\rts430\lib\</path>
         <kind>archive</kind>
         <file>boot.ae430X</file>
         <name>pre_init.oe430X</name>
      </input_file>
      <input_file id="fl-14">
         <path>C:\ti\grace_3_10_00_82\packages\ti\targets\msp430\rts430\lib\</path>
         <kind>archive</kind>
         <file>boot.ae430X</file>
         <name>autoinit_wdt.oe430X</name>
      </input_file>
      <input_file id="fl-15">
         <path>C:\ti\grace_3_10_00_82\packages\ti\catalog\msp430\init\lib\</path>
         <kind>archive</kind>
         <file>ti.catalog.msp430.init.ae430X</file>
         <name>Boot.oe430X</name>
      </input_file>
      <input_file id="fl-16">
         <path>C:\Users\Diego\workspace_v6_1\sht25test\src\grace\</path>
         <kind>archive</kind>
         <file>grace.lib</file>
         <name>Grace_init.obj</name>
      </input_file>
      <input_file id="fl-17">
         <path>C:\Users\Diego\workspace_v6_1\sht25test\src\grace\</path>
         <kind>archive</kind>
         <file>grace.lib</file>
         <name>PinMux_init.obj</name>
      </input_file>
      <input_file id="fl-18">
         <path>C:\Users\Diego\workspace_v6_1\sht25test\src\grace\</path>
         <kind>archive</kind>
         <file>grace.lib</file>
         <name>CS_init.obj</name>
      </input_file>
      <input_file id="fl-19">
         <path>C:\Users\Diego\workspace_v6_1\sht25test\src\grace\</path>
         <kind>archive</kind>
         <file>grace.lib</file>
         <name>EUSCI_B0_init.obj</name>
      </input_file>
      <input_file id="fl-1a">
         <path>C:\Users\Diego\workspace_v6_1\sht25test\src\grace\</path>
         <kind>archive</kind>
         <file>grace.lib</file>
         <name>InterruptVectors_init.obj</name>
      </input_file>
      <input_file id="fl-1b">
         <path>C:\Users\Diego\workspace_v6_1\sht25test\src\grace\</path>
         <kind>archive</kind>
         <file>grace.lib</file>
         <name>System_init.obj</name>
      </input_file>
      <input_file id="fl-1c">
         <path>C:\Users\Diego\workspace_v6_1\sht25test\src\grace\</path>
         <kind>archive</kind>
         <file>grace.lib</file>
         <name>WDT_A_init.obj</name>
      </input_file>
      <input_file id="fl-1d">
         <path>C:\Users\Diego\workspace_v6_1\sht25test\src\grace\</path>
         <kind>archive</kind>
         <file>grace.lib</file>
         <name>cs.obj</name>
      </input_file>
      <input_file id="fl-1e">
         <path>C:\Users\Diego\workspace_v6_1\sht25test\src\grace\</path>
         <kind>archive</kind>
         <file>grace.lib</file>
         <name>eusci_b_i2c.obj</name>
      </input_file>
      <input_file id="fl-1f">
         <path>C:\Users\Diego\workspace_v6_1\sht25test\src\grace\</path>
         <kind>archive</kind>
         <file>grace.lib</file>
         <name>gpio.obj</name>
      </input_file>
      <input_file id="fl-20">
         <path>C:\Users\Diego\workspace_v6_1\sht25test\src\grace\</path>
         <kind>archive</kind>
         <file>grace.lib</file>
         <name>wdt_a.obj</name>
      </input_file>
      <input_file id="fl-4f">
         <path>C:\ti\ccsv6\tools\compiler\ti-cgt-msp430_4.4.4\lib\</path>
         <kind>archive</kind>
         <file>rts430x_lc_rd_eabi.lib</file>
         <name>addd.obj</name>
      </input_file>
      <input_file id="fl-50">
         <path>C:\ti\ccsv6\tools\compiler\ti-cgt-msp430_4.4.4\lib\</path>
         <kind>archive</kind>
         <file>rts430x_lc_rd_eabi.lib</file>
         <name>args_main.obj</name>
      </input_file>
      <input_file id="fl-51">
         <path>C:\ti\ccsv6\tools\compiler\ti-cgt-msp430_4.4.4\lib\</path>
         <kind>archive</kind>
         <file>rts430x_lc_rd_eabi.lib</file>
         <name>assert.obj</name>
      </input_file>
      <input_file id="fl-52">
         <path>C:\ti\ccsv6\tools\compiler\ti-cgt-msp430_4.4.4\lib\</path>
         <kind>archive</kind>
         <file>rts430x_lc_rd_eabi.lib</file>
         <name>copy_decompress_none.obj</name>
      </input_file>
      <input_file id="fl-53">
         <path>C:\ti\ccsv6\tools\compiler\ti-cgt-msp430_4.4.4\lib\</path>
         <kind>archive</kind>
         <file>rts430x_lc_rd_eabi.lib</file>
         <name>copy_decompress_rle.obj</name>
      </input_file>
      <input_file id="fl-54">
         <path>C:\ti\ccsv6\tools\compiler\ti-cgt-msp430_4.4.4\lib\</path>
         <kind>archive</kind>
         <file>rts430x_lc_rd_eabi.lib</file>
         <name>copy_zero_init.obj</name>
      </input_file>
      <input_file id="fl-55">
         <path>C:\ti\ccsv6\tools\compiler\ti-cgt-msp430_4.4.4\lib\</path>
         <kind>archive</kind>
         <file>rts430x_lc_rd_eabi.lib</file>
         <name>cvtdf.obj</name>
      </input_file>
      <input_file id="fl-56">
         <path>C:\ti\ccsv6\tools\compiler\ti-cgt-msp430_4.4.4\lib\</path>
         <kind>archive</kind>
         <file>rts430x_lc_rd_eabi.lib</file>
         <name>cvtfd.obj</name>
      </input_file>
      <input_file id="fl-57">
         <path>C:\ti\ccsv6\tools\compiler\ti-cgt-msp430_4.4.4\lib\</path>
         <kind>archive</kind>
         <file>rts430x_lc_rd_eabi.lib</file>
         <name>defs.obj</name>
      </input_file>
      <input_file id="fl-58">
         <path>C:\ti\ccsv6\tools\compiler\ti-cgt-msp430_4.4.4\lib\</path>
         <kind>archive</kind>
         <file>rts430x_lc_rd_eabi.lib</file>
         <name>div16s.obj</name>
      </input_file>
      <input_file id="fl-59">
         <path>C:\ti\ccsv6\tools\compiler\ti-cgt-msp430_4.4.4\lib\</path>
         <kind>archive</kind>
         <file>rts430x_lc_rd_eabi.lib</file>
         <name>div16u.obj</name>
      </input_file>
      <input_file id="fl-5a">
         <path>C:\ti\ccsv6\tools\compiler\ti-cgt-msp430_4.4.4\lib\</path>
         <kind>archive</kind>
         <file>rts430x_lc_rd_eabi.lib</file>
         <name>div32s.obj</name>
      </input_file>
      <input_file id="fl-5b">
         <path>C:\ti\ccsv6\tools\compiler\ti-cgt-msp430_4.4.4\lib\</path>
         <kind>archive</kind>
         <file>rts430x_lc_rd_eabi.lib</file>
         <name>div32u.obj</name>
      </input_file>
      <input_file id="fl-5c">
         <path>C:\ti\ccsv6\tools\compiler\ti-cgt-msp430_4.4.4\lib\</path>
         <kind>archive</kind>
         <file>rts430x_lc_rd_eabi.lib</file>
         <name>exit.obj</name>
      </input_file>
      <input_file id="fl-5d">
         <path>C:\ti\ccsv6\tools\compiler\ti-cgt-msp430_4.4.4\lib\</path>
         <kind>archive</kind>
         <file>rts430x_lc_rd_eabi.lib</file>
         <name>fflush.obj</name>
      </input_file>
      <input_file id="fl-5e">
         <path>C:\ti\ccsv6\tools\compiler\ti-cgt-msp430_4.4.4\lib\</path>
         <kind>archive</kind>
         <file>rts430x_lc_rd_eabi.lib</file>
         <name>fputs.obj</name>
      </input_file>
      <input_file id="fl-5f">
         <path>C:\ti\ccsv6\tools\compiler\ti-cgt-msp430_4.4.4\lib\</path>
         <kind>archive</kind>
         <file>rts430x_lc_rd_eabi.lib</file>
         <name>frcaddd.obj</name>
      </input_file>
      <input_file id="fl-60">
         <path>C:\ti\ccsv6\tools\compiler\ti-cgt-msp430_4.4.4\lib\</path>
         <kind>archive</kind>
         <file>rts430x_lc_rd_eabi.lib</file>
         <name>fs_utof.obj</name>
      </input_file>
      <input_file id="fl-61">
         <path>C:\ti\ccsv6\tools\compiler\ti-cgt-msp430_4.4.4\lib\</path>
         <kind>archive</kind>
         <file>rts430x_lc_rd_eabi.lib</file>
         <name>int31.obj</name>
      </input_file>
      <input_file id="fl-62">
         <path>C:\ti\ccsv6\tools\compiler\ti-cgt-msp430_4.4.4\lib\</path>
         <kind>archive</kind>
         <file>rts430x_lc_rd_eabi.lib</file>
         <name>int32.obj</name>
      </input_file>
      <input_file id="fl-63">
         <path>C:\ti\ccsv6\tools\compiler\ti-cgt-msp430_4.4.4\lib\</path>
         <kind>archive</kind>
         <file>rts430x_lc_rd_eabi.lib</file>
         <name>int33.obj</name>
      </input_file>
      <input_file id="fl-64">
         <path>C:\ti\ccsv6\tools\compiler\ti-cgt-msp430_4.4.4\lib\</path>
         <kind>archive</kind>
         <file>rts430x_lc_rd_eabi.lib</file>
         <name>int34.obj</name>
      </input_file>
      <input_file id="fl-65">
         <path>C:\ti\ccsv6\tools\compiler\ti-cgt-msp430_4.4.4\lib\</path>
         <kind>archive</kind>
         <file>rts430x_lc_rd_eabi.lib</file>
         <name>int35.obj</name>
      </input_file>
      <input_file id="fl-66">
         <path>C:\ti\ccsv6\tools\compiler\ti-cgt-msp430_4.4.4\lib\</path>
         <kind>archive</kind>
         <file>rts430x_lc_rd_eabi.lib</file>
         <name>int36.obj</name>
      </input_file>
      <input_file id="fl-67">
         <path>C:\ti\ccsv6\tools\compiler\ti-cgt-msp430_4.4.4\lib\</path>
         <kind>archive</kind>
         <file>rts430x_lc_rd_eabi.lib</file>
         <name>int37.obj</name>
      </input_file>
      <input_file id="fl-68">
         <path>C:\ti\ccsv6\tools\compiler\ti-cgt-msp430_4.4.4\lib\</path>
         <kind>archive</kind>
         <file>rts430x_lc_rd_eabi.lib</file>
         <name>int38.obj</name>
      </input_file>
      <input_file id="fl-69">
         <path>C:\ti\ccsv6\tools\compiler\ti-cgt-msp430_4.4.4\lib\</path>
         <kind>archive</kind>
         <file>rts430x_lc_rd_eabi.lib</file>
         <name>int39.obj</name>
      </input_file>
      <input_file id="fl-6a">
         <path>C:\ti\ccsv6\tools\compiler\ti-cgt-msp430_4.4.4\lib\</path>
         <kind>archive</kind>
         <file>rts430x_lc_rd_eabi.lib</file>
         <name>int40.obj</name>
      </input_file>
      <input_file id="fl-6b">
         <path>C:\ti\ccsv6\tools\compiler\ti-cgt-msp430_4.4.4\lib\</path>
         <kind>archive</kind>
         <file>rts430x_lc_rd_eabi.lib</file>
         <name>int41.obj</name>
      </input_file>
      <input_file id="fl-6c">
         <path>C:\ti\ccsv6\tools\compiler\ti-cgt-msp430_4.4.4\lib\</path>
         <kind>archive</kind>
         <file>rts430x_lc_rd_eabi.lib</file>
         <name>int42.obj</name>
      </input_file>
      <input_file id="fl-6d">
         <path>C:\ti\ccsv6\tools\compiler\ti-cgt-msp430_4.4.4\lib\</path>
         <kind>archive</kind>
         <file>rts430x_lc_rd_eabi.lib</file>
         <name>int43.obj</name>
      </input_file>
      <input_file id="fl-6e">
         <path>C:\ti\ccsv6\tools\compiler\ti-cgt-msp430_4.4.4\lib\</path>
         <kind>archive</kind>
         <file>rts430x_lc_rd_eabi.lib</file>
         <name>int44.obj</name>
      </input_file>
      <input_file id="fl-6f">
         <path>C:\ti\ccsv6\tools\compiler\ti-cgt-msp430_4.4.4\lib\</path>
         <kind>archive</kind>
         <file>rts430x_lc_rd_eabi.lib</file>
         <name>int45.obj</name>
      </input_file>
      <input_file id="fl-70">
         <path>C:\ti\ccsv6\tools\compiler\ti-cgt-msp430_4.4.4\lib\</path>
         <kind>archive</kind>
         <file>rts430x_lc_rd_eabi.lib</file>
         <name>int46.obj</name>
      </input_file>
      <input_file id="fl-71">
         <path>C:\ti\ccsv6\tools\compiler\ti-cgt-msp430_4.4.4\lib\</path>
         <kind>archive</kind>
         <file>rts430x_lc_rd_eabi.lib</file>
         <name>int47.obj</name>
      </input_file>
      <input_file id="fl-72">
         <path>C:\ti\ccsv6\tools\compiler\ti-cgt-msp430_4.4.4\lib\</path>
         <kind>archive</kind>
         <file>rts430x_lc_rd_eabi.lib</file>
         <name>int48.obj</name>
      </input_file>
      <input_file id="fl-73">
         <path>C:\ti\ccsv6\tools\compiler\ti-cgt-msp430_4.4.4\lib\</path>
         <kind>archive</kind>
         <file>rts430x_lc_rd_eabi.lib</file>
         <name>int49.obj</name>
      </input_file>
      <input_file id="fl-74">
         <path>C:\ti\ccsv6\tools\compiler\ti-cgt-msp430_4.4.4\lib\</path>
         <kind>archive</kind>
         <file>rts430x_lc_rd_eabi.lib</file>
         <name>int50.obj</name>
      </input_file>
      <input_file id="fl-75">
         <path>C:\ti\ccsv6\tools\compiler\ti-cgt-msp430_4.4.4\lib\</path>
         <kind>archive</kind>
         <file>rts430x_lc_rd_eabi.lib</file>
         <name>int51.obj</name>
      </input_file>
      <input_file id="fl-76">
         <path>C:\ti\ccsv6\tools\compiler\ti-cgt-msp430_4.4.4\lib\</path>
         <kind>archive</kind>
         <file>rts430x_lc_rd_eabi.lib</file>
         <name>int52.obj</name>
      </input_file>
      <input_file id="fl-77">
         <path>C:\ti\ccsv6\tools\compiler\ti-cgt-msp430_4.4.4\lib\</path>
         <kind>archive</kind>
         <file>rts430x_lc_rd_eabi.lib</file>
         <name>int53.obj</name>
      </input_file>
      <input_file id="fl-78">
         <path>C:\ti\ccsv6\tools\compiler\ti-cgt-msp430_4.4.4\lib\</path>
         <kind>archive</kind>
         <file>rts430x_lc_rd_eabi.lib</file>
         <name>int54.obj</name>
      </input_file>
      <input_file id="fl-79">
         <path>C:\ti\ccsv6\tools\compiler\ti-cgt-msp430_4.4.4\lib\</path>
         <kind>archive</kind>
         <file>rts430x_lc_rd_eabi.lib</file>
         <name>isr_trap.obj</name>
      </input_file>
      <input_file id="fl-7a">
         <path>C:\ti\ccsv6\tools\compiler\ti-cgt-msp430_4.4.4\lib\</path>
         <kind>archive</kind>
         <file>rts430x_lc_rd_eabi.lib</file>
         <name>lowlev.obj</name>
      </input_file>
      <input_file id="fl-7b">
         <path>C:\ti\ccsv6\tools\compiler\ti-cgt-msp430_4.4.4\lib\</path>
         <kind>archive</kind>
         <file>rts430x_lc_rd_eabi.lib</file>
         <name>lsl32.obj</name>
      </input_file>
      <input_file id="fl-7c">
         <path>C:\ti\ccsv6\tools\compiler\ti-cgt-msp430_4.4.4\lib\</path>
         <kind>archive</kind>
         <file>rts430x_lc_rd_eabi.lib</file>
         <name>lsr32.obj</name>
      </input_file>
      <input_file id="fl-7d">
         <path>C:\ti\ccsv6\tools\compiler\ti-cgt-msp430_4.4.4\lib\</path>
         <kind>archive</kind>
         <file>rts430x_lc_rd_eabi.lib</file>
         <name>memchr.obj</name>
      </input_file>
      <input_file id="fl-7e">
         <path>C:\ti\ccsv6\tools\compiler\ti-cgt-msp430_4.4.4\lib\</path>
         <kind>archive</kind>
         <file>rts430x_lc_rd_eabi.lib</file>
         <name>memcpy.obj</name>
      </input_file>
      <input_file id="fl-7f">
         <path>C:\ti\ccsv6\tools\compiler\ti-cgt-msp430_4.4.4\lib\</path>
         <kind>archive</kind>
         <file>rts430x_lc_rd_eabi.lib</file>
         <name>mpu_init.obj</name>
      </input_file>
      <input_file id="fl-80">
         <path>C:\ti\ccsv6\tools\compiler\ti-cgt-msp430_4.4.4\lib\</path>
         <kind>archive</kind>
         <file>rts430x_lc_rd_eabi.lib</file>
         <name>mpyd.obj</name>
      </input_file>
      <input_file id="fl-81">
         <path>C:\ti\ccsv6\tools\compiler\ti-cgt-msp430_4.4.4\lib\</path>
         <kind>archive</kind>
         <file>rts430x_lc_rd_eabi.lib</file>
         <name>mult16.obj</name>
      </input_file>
      <input_file id="fl-82">
         <path>C:\ti\ccsv6\tools\compiler\ti-cgt-msp430_4.4.4\lib\</path>
         <kind>archive</kind>
         <file>rts430x_lc_rd_eabi.lib</file>
         <name>mult1632_f5hw.obj</name>
      </input_file>
      <input_file id="fl-83">
         <path>C:\ti\ccsv6\tools\compiler\ti-cgt-msp430_4.4.4\lib\</path>
         <kind>archive</kind>
         <file>rts430x_lc_rd_eabi.lib</file>
         <name>mult16_f5hw.obj</name>
      </input_file>
      <input_file id="fl-84">
         <path>C:\ti\ccsv6\tools\compiler\ti-cgt-msp430_4.4.4\lib\</path>
         <kind>archive</kind>
         <file>rts430x_lc_rd_eabi.lib</file>
         <name>mult3264_f5hw.obj</name>
      </input_file>
      <input_file id="fl-85">
         <path>C:\ti\ccsv6\tools\compiler\ti-cgt-msp430_4.4.4\lib\</path>
         <kind>archive</kind>
         <file>rts430x_lc_rd_eabi.lib</file>
         <name>mult32_f5hw.obj</name>
      </input_file>
      <input_file id="fl-86">
         <path>C:\ti\ccsv6\tools\compiler\ti-cgt-msp430_4.4.4\lib\</path>
         <kind>archive</kind>
         <file>rts430x_lc_rd_eabi.lib</file>
         <name>mult64_f5hw.obj</name>
      </input_file>
      <input_file id="fl-87">
         <path>C:\ti\ccsv6\tools\compiler\ti-cgt-msp430_4.4.4\lib\</path>
         <kind>archive</kind>
         <file>rts430x_lc_rd_eabi.lib</file>
         <name>renormd.obj</name>
      </input_file>
      <input_file id="fl-88">
         <path>C:\ti\ccsv6\tools\compiler\ti-cgt-msp430_4.4.4\lib\</path>
         <kind>archive</kind>
         <file>rts430x_lc_rd_eabi.lib</file>
         <name>strchr.obj</name>
      </input_file>
      <input_file id="fl-89">
         <path>C:\ti\ccsv6\tools\compiler\ti-cgt-msp430_4.4.4\lib\</path>
         <kind>archive</kind>
         <file>rts430x_lc_rd_eabi.lib</file>
         <name>strcmp.obj</name>
      </input_file>
      <input_file id="fl-8a">
         <path>C:\ti\ccsv6\tools\compiler\ti-cgt-msp430_4.4.4\lib\</path>
         <kind>archive</kind>
         <file>rts430x_lc_rd_eabi.lib</file>
         <name>strlen.obj</name>
      </input_file>
      <input_file id="fl-8b">
         <path>C:\ti\ccsv6\tools\compiler\ti-cgt-msp430_4.4.4\lib\</path>
         <kind>archive</kind>
         <file>rts430x_lc_rd_eabi.lib</file>
         <name>strncpy.obj</name>
      </input_file>
      <input_file id="fl-8c">
         <path>C:\ti\ccsv6\tools\compiler\ti-cgt-msp430_4.4.4\lib\</path>
         <kind>archive</kind>
         <file>rts430x_lc_rd_eabi.lib</file>
         <name>trgdrv.obj</name>
      </input_file>
      <input_file id="fl-8d">
         <path>C:\ti\ccsv6\tools\compiler\ti-cgt-msp430_4.4.4\lib\</path>
         <kind>archive</kind>
         <file>rts430x_lc_rd_eabi.lib</file>
         <name>trgmsg.obj</name>
      </input_file>
      <input_file id="fl-8e">
         <path>C:\ti\ccsv6\tools\compiler\ti-cgt-msp430_4.4.4\lib\</path>
         <kind>archive</kind>
         <file>rts430x_lc_rd_eabi.lib</file>
         <name>_io_perm.obj</name>
      </input_file>
      <input_file id="fl-8f">
         <path>C:\ti\ccsv6\tools\compiler\ti-cgt-msp430_4.4.4\lib\</path>
         <kind>archive</kind>
         <file>rts430x_lc_rd_eabi.lib</file>
         <name>_lock.obj</name>
      </input_file>
      <input_file id="fl-90">
         <path>C:\ti\ccsv6\tools\compiler\ti-cgt-msp430_4.4.4\lib\</path>
         <kind>archive</kind>
         <file>rts430x_lc_rd_eabi.lib</file>
         <name>asr32.obj</name>
      </input_file>
      <input_file id="fl-91">
         <path>C:\ti\ccsv6\tools\compiler\ti-cgt-msp430_4.4.4\lib\</path>
         <kind>archive</kind>
         <file>rts430x_lc_rd_eabi.lib</file>
         <name>frcmpyd.obj</name>
      </input_file>
      <input_file id="fl-92">
         <path>C:\ti\ccsv6\tools\compiler\ti-cgt-msp430_4.4.4\lib\</path>
         <kind>archive</kind>
         <file>rts430x_lc_rd_eabi.lib</file>
         <name>fseek.obj</name>
      </input_file>
      <input_file id="fl-93">
         <path>C:\ti\ccsv6\tools\compiler\ti-cgt-msp430_4.4.4\lib\</path>
         <kind>archive</kind>
         <file>rts430x_lc_rd_eabi.lib</file>
         <name>mult32.obj</name>
      </input_file>
      <input_file id="fl-94">
         <path>C:\ti\ccsv6\tools\compiler\ti-cgt-msp430_4.4.4\lib\</path>
         <kind>archive</kind>
         <file>rts430x_lc_rd_eabi.lib</file>
         <name>setvbuf.obj</name>
      </input_file>
      <input_file id="fl-95">
         <path>C:\ti\ccsv6\tools\compiler\ti-cgt-msp430_4.4.4\lib\</path>
         <kind>archive</kind>
         <file>rts430x_lc_rd_eabi.lib</file>
         <name>strcpy.obj</name>
      </input_file>
      <input_file id="fl-96">
         <path>C:\ti\ccsv6\tools\compiler\ti-cgt-msp430_4.4.4\lib\</path>
         <kind>archive</kind>
         <file>rts430x_lc_rd_eabi.lib</file>
         <name>fopen.obj</name>
      </input_file>
      <input_file id="fl-97">
         <path>C:\ti\ccsv6\tools\compiler\ti-cgt-msp430_4.4.4\lib\</path>
         <kind>archive</kind>
         <file>rts430x_lc_rd_eabi.lib</file>
         <name>memory.obj</name>
      </input_file>
      <input_file id="fl-98">
         <path>C:\ti\ccsv6\tools\compiler\ti-cgt-msp430_4.4.4\lib\</path>
         <kind>archive</kind>
         <file>rts430x_lc_rd_eabi.lib</file>
         <name>memset.obj</name>
      </input_file>
      <input_file id="fl-99">
         <path>C:\ti\ccsv6\tools\compiler\ti-cgt-msp430_4.4.4\lib\</path>
         <kind>archive</kind>
         <file>rts430x_lc_rd_eabi.lib</file>
         <name>fclose.obj</name>
      </input_file>
      <input_file id="fl-9a">
         <path>C:\ti\ccsv6\tools\compiler\ti-cgt-msp430_4.4.4\lib\</path>
         <kind>archive</kind>
         <file>rts430x_lc_rd_eabi.lib</file>
         <name>remove.obj</name>
      </input_file>
   </input_file_list>
   <object_component_list>
      <object_component id="oc-4d4">
         <name>.cio</name>
         <load_address>0xc200</load_address>
         <run_address>0xc200</run_address>
         <size>0x120</size>
         <input_file_ref idref="fl-8d"/>
      </object_component>
      <object_component id="oc-56a">
         <name>.sysmem</name>
         <load_address>0xc320</load_address>
         <run_address>0xc320</run_address>
         <size>0x0</size>
      </object_component>
      <object_component id="oc-da">
         <name>.sysmem</name>
         <load_address>0xc320</load_address>
         <run_address>0xc320</run_address>
         <size>0x6</size>
         <input_file_ref idref="fl-97"/>
      </object_component>
      <object_component id="oc-568">
         <name>.cinit..data.load</name>
         <load_address>0xc400</load_address>
         <run_address>0xc400</run_address>
         <size>0x18e</size>
      </object_component>
      <object_component id="oc-564">
         <name>__TI_handler_table</name>
         <load_address>0xc590</load_address>
         <run_address>0xc590</run_address>
         <size>0xc</size>
      </object_component>
      <object_component id="oc-567">
         <name>.cinit..bss.load</name>
         <load_address>0xc59c</load_address>
         <run_address>0xc59c</run_address>
         <size>0x6</size>
      </object_component>
      <object_component id="oc-566">
         <name>.cinit..cio.load</name>
         <load_address>0xc5a2</load_address>
         <run_address>0xc5a2</run_address>
         <size>0x6</size>
      </object_component>
      <object_component id="oc-565">
         <name>__TI_cinit_table</name>
         <load_address>0xc5a8</load_address>
         <run_address>0xc5a8</run_address>
         <size>0x18</size>
      </object_component>
      <object_component id="oc-243">
         <name>.const:.string</name>
         <load_address>0xc5c0</load_address>
         <run_address>0xc5c0</run_address>
         <size>0x64</size>
         <input_file_ref idref="fl-3"/>
      </object_component>
      <object_component id="oc-30c">
         <name>.const:GPIO_PORT_TO_BASE</name>
         <load_address>0xc624</load_address>
         <run_address>0xc624</run_address>
         <size>0x1c</size>
         <input_file_ref idref="fl-1f"/>
      </object_component>
      <object_component id="oc-2dc">
         <name>.const</name>
         <load_address>0xc640</load_address>
         <run_address>0xc640</run_address>
         <size>0xc</size>
         <input_file_ref idref="fl-19"/>
      </object_component>
      <object_component id="oc-337">
         <name>.const</name>
         <load_address>0xc64c</load_address>
         <run_address>0xc64c</run_address>
         <size>0x2</size>
         <input_file_ref idref="fl-3"/>
      </object_component>
      <object_component id="oc-34a">
         <name>.text:__TI_frcmpyd</name>
         <load_address>0xc800</load_address>
         <run_address>0xc800</run_address>
         <size>0x2e4</size>
         <input_file_ref idref="fl-91"/>
      </object_component>
      <object_component id="oc-274">
         <name>.text:__mspabi_addd</name>
         <load_address>0xcae4</load_address>
         <run_address>0xcae4</run_address>
         <size>0x2d8</size>
         <input_file_ref idref="fl-4f"/>
      </object_component>
      <object_component id="oc-26e">
         <name>.text:__mspabi_mpyd</name>
         <load_address>0xcdbc</load_address>
         <run_address>0xcdbc</run_address>
         <size>0x282</size>
         <input_file_ref idref="fl-80"/>
      </object_component>
      <object_component id="oc-357">
         <name>.text:__TI_frcaddd</name>
         <load_address>0xd03e</load_address>
         <run_address>0xd03e</run_address>
         <size>0x252</size>
         <input_file_ref idref="fl-5f"/>
      </object_component>
      <object_component id="oc-20a">
         <name>.text:EUSCI_B0_graceInit</name>
         <load_address>0xd290</load_address>
         <run_address>0xd290</run_address>
         <size>0xf6</size>
         <input_file_ref idref="fl-19"/>
      </object_component>
      <object_component id="oc-323">
         <name>.text:fputs</name>
         <load_address>0xd386</load_address>
         <run_address>0xd386</run_address>
         <size>0xf0</size>
         <input_file_ref idref="fl-5e"/>
      </object_component>
      <object_component id="oc-3ec">
         <name>.text:setvbuf</name>
         <load_address>0xd476</load_address>
         <run_address>0xd476</run_address>
         <size>0xe0</size>
         <input_file_ref idref="fl-94"/>
      </object_component>
      <object_component id="oc-24a">
         <name>.text:I2c_ReadByte</name>
         <load_address>0xd556</load_address>
         <run_address>0xd556</run_address>
         <size>0xc2</size>
         <input_file_ref idref="fl-2"/>
      </object_component>
      <object_component id="oc-422">
         <name>.text:malloc</name>
         <load_address>0xd618</load_address>
         <run_address>0xd618</run_address>
         <size>0xba</size>
         <input_file_ref idref="fl-97"/>
      </object_component>
      <object_component id="oc-23d">
         <name>.text:I2c_WriteByte</name>
         <load_address>0xd6d2</load_address>
         <run_address>0xd6d2</run_address>
         <size>0xb2</size>
         <input_file_ref idref="fl-2"/>
      </object_component>
      <object_component id="oc-3ce">
         <name>.text:__TI_renormd</name>
         <load_address>0xd784</load_address>
         <run_address>0xd784</run_address>
         <size>0xb2</size>
         <input_file_ref idref="fl-87"/>
      </object_component>
      <object_component id="oc-18c">
         <name>.text:SHT2x_MeasurePoll</name>
         <load_address>0xd836</load_address>
         <run_address>0xd836</run_address>
         <size>0xaa</size>
         <input_file_ref idref="fl-3"/>
      </object_component>
      <object_component id="oc-484">
         <name>.text:HOSTlseek</name>
         <load_address>0xd8e0</load_address>
         <run_address>0xd8e0</run_address>
         <size>0x9e</size>
         <input_file_ref idref="fl-8c"/>
      </object_component>
      <object_component id="oc-41c">
         <name>.text:free</name>
         <load_address>0xd97e</load_address>
         <run_address>0xd97e</run_address>
         <size>0x8e</size>
         <input_file_ref idref="fl-97"/>
      </object_component>
      <object_component id="oc-27a">
         <name>.text:__mspabi_cvtdf</name>
         <load_address>0xda0c</load_address>
         <run_address>0xda0c</run_address>
         <size>0x8c</size>
         <input_file_ref idref="fl-55"/>
      </object_component>
      <object_component id="oc-382">
         <name>.text:__TI_wrt_ok</name>
         <load_address>0xda98</load_address>
         <run_address>0xda98</run_address>
         <size>0x7e</size>
         <input_file_ref idref="fl-8e"/>
      </object_component>
      <object_component id="oc-490">
         <name>.text:HOSTrename</name>
         <load_address>0xdb16</load_address>
         <run_address>0xdb16</run_address>
         <size>0x74</size>
         <input_file_ref idref="fl-8c"/>
      </object_component>
      <object_component id="oc-463">
         <name>.text:__TI_closefile</name>
         <load_address>0xdb8a</load_address>
         <run_address>0xdb8a</run_address>
         <size>0x70</size>
         <input_file_ref idref="fl-99"/>
      </object_component>
      <object_component id="oc-10f">
         <name>.text:_auto_init_hold_wdt</name>
         <load_address>0xdbfa</load_address>
         <run_address>0xdbfa</run_address>
         <size>0x70</size>
         <input_file_ref idref="fl-14"/>
      </object_component>
      <object_component id="oc-46c">
         <name>.text:HOSTopen</name>
         <load_address>0xdc6a</load_address>
         <run_address>0xdc6a</run_address>
         <size>0x6e</size>
         <input_file_ref idref="fl-8c"/>
      </object_component>
      <object_component id="oc-47e">
         <name>.text:HOSTwrite</name>
         <load_address>0xdcd8</load_address>
         <run_address>0xdcd8</run_address>
         <size>0x6a</size>
         <input_file_ref idref="fl-8c"/>
      </object_component>
      <object_component id="oc-3e6">
         <name>.text:fseek</name>
         <load_address>0xdd42</load_address>
         <run_address>0xdd42</run_address>
         <size>0x6a</size>
         <input_file_ref idref="fl-92"/>
      </object_component>
      <object_component id="oc-478">
         <name>.text:HOSTread</name>
         <load_address>0xddac</load_address>
         <run_address>0xddac</run_address>
         <size>0x68</size>
         <input_file_ref idref="fl-8c"/>
      </object_component>
      <object_component id="oc-ea">
         <name>.text:__TI_decompress_rle_core</name>
         <load_address>0xde14</load_address>
         <run_address>0xde14</run_address>
         <size>0x68</size>
         <input_file_ref idref="fl-53"/>
      </object_component>
      <object_component id="oc-2cf">
         <name>.text:CS_initClockSignal</name>
         <load_address>0xde7c</load_address>
         <run_address>0xde7c</run_address>
         <size>0x66</size>
         <input_file_ref idref="fl-1d"/>
      </object_component>
      <object_component id="oc-394">
         <name>.text:__TI_doflush</name>
         <load_address>0xdee2</load_address>
         <run_address>0xdee2</run_address>
         <size>0x64</size>
         <input_file_ref idref="fl-5d"/>
      </object_component>
      <object_component id="oc-268">
         <name>.text:__mspabi_cvtfd</name>
         <load_address>0xdf46</load_address>
         <run_address>0xdf46</run_address>
         <size>0x64</size>
         <input_file_ref idref="fl-56"/>
      </object_component>
      <object_component id="oc-49d">
         <name>.text:close</name>
         <load_address>0xdfaa</load_address>
         <run_address>0xdfaa</run_address>
         <size>0x5a</size>
         <input_file_ref idref="fl-7a"/>
      </object_component>
      <object_component id="oc-4c9">
         <name>.text:getdevice</name>
         <load_address>0xe004</load_address>
         <run_address>0xe004</run_address>
         <size>0x5a</size>
         <input_file_ref idref="fl-7a"/>
      </object_component>
      <object_component id="oc-329">
         <name>.text:fflush</name>
         <load_address>0xe05e</load_address>
         <run_address>0xe05e</run_address>
         <size>0x58</size>
         <input_file_ref idref="fl-5d"/>
      </object_component>
      <object_component id="oc-36d">
         <name>.text</name>
         <load_address>0xe0b6</load_address>
         <run_address>0xe0b6</run_address>
         <size>0x58</size>
         <input_file_ref idref="fl-5b"/>
      </object_component>
      <object_component id="oc-1fe">
         <name>.text:PinMux_graceInit</name>
         <load_address>0xe10e</load_address>
         <run_address>0xe10e</run_address>
         <size>0x52</size>
         <input_file_ref idref="fl-17"/>
      </object_component>
      <object_component id="oc-192">
         <name>.text:SHT2x_CalcTemperatureC</name>
         <load_address>0xe160</load_address>
         <run_address>0xe160</run_address>
         <size>0x4e</size>
         <input_file_ref idref="fl-3"/>
      </object_component>
      <object_component id="oc-472">
         <name>.text:HOSTclose</name>
         <load_address>0xe1ae</load_address>
         <run_address>0xe1ae</run_address>
         <size>0x4c</size>
         <input_file_ref idref="fl-8c"/>
      </object_component>
      <object_component id="oc-2df">
         <name>.text:EUSCI_B_I2C_initMaster</name>
         <load_address>0xe1fa</load_address>
         <run_address>0xe1fa</run_address>
         <size>0x4a</size>
         <input_file_ref idref="fl-1e"/>
      </object_component>
      <object_component id="oc-48a">
         <name>.text:HOSTunlink</name>
         <load_address>0xe244</load_address>
         <run_address>0xe244</run_address>
         <size>0x46</size>
         <input_file_ref idref="fl-8c"/>
      </object_component>
      <object_component id="oc-198">
         <name>.text:SHT2x_CalcRH</name>
         <load_address>0xe28a</load_address>
         <run_address>0xe28a</run_address>
         <size>0x44</size>
         <input_file_ref idref="fl-3"/>
      </object_component>
      <object_component id="oc-45c">
         <name>.text:minit</name>
         <load_address>0xe2ce</load_address>
         <run_address>0xe2ce</run_address>
         <size>0x42</size>
         <input_file_ref idref="fl-97"/>
      </object_component>
      <object_component id="oc-180">
         <name>.text:I2c_Init</name>
         <load_address>0xe310</load_address>
         <run_address>0xe310</run_address>
         <size>0x3e</size>
         <input_file_ref idref="fl-2"/>
      </object_component>
      <object_component id="oc-237">
         <name>.text:I2c_StartCondition</name>
         <load_address>0xe34e</load_address>
         <run_address>0xe34e</run_address>
         <size>0x3e</size>
         <input_file_ref idref="fl-2"/>
      </object_component>
      <object_component id="oc-256">
         <name>.text:I2c_StopCondition</name>
         <load_address>0xe38c</load_address>
         <run_address>0xe38c</run_address>
         <size>0x3e</size>
         <input_file_ref idref="fl-2"/>
      </object_component>
      <object_component id="oc-250">
         <name>.text:SHT2x_CheckCrc</name>
         <load_address>0xe3ca</load_address>
         <run_address>0xe3ca</run_address>
         <size>0x3e</size>
         <input_file_ref idref="fl-3"/>
      </object_component>
      <object_component id="oc-33f">
         <name>.text:l_asr_const</name>
         <load_address>0xe408</load_address>
         <run_address>0xe408</run_address>
         <size>0x3e</size>
         <input_file_ref idref="fl-90"/>
      </object_component>
      <object_component id="oc-35f">
         <name>.text:l_lsl_const</name>
         <load_address>0xe446</load_address>
         <run_address>0xe446</run_address>
         <size>0x3e</size>
         <input_file_ref idref="fl-7b"/>
      </object_component>
      <object_component id="oc-3b1">
         <name>.text:l_lsr_const</name>
         <load_address>0xe484</load_address>
         <run_address>0xe484</run_address>
         <size>0x3e</size>
         <input_file_ref idref="fl-7c"/>
      </object_component>
      <object_component id="oc-414">
         <name>.text:lseek</name>
         <load_address>0xe4c2</load_address>
         <run_address>0xe4c2</run_address>
         <size>0x3e</size>
         <input_file_ref idref="fl-7a"/>
      </object_component>
      <object_component id="oc-39a">
         <name>.text:write</name>
         <load_address>0xe500</load_address>
         <run_address>0xe500</run_address>
         <size>0x3c</size>
         <input_file_ref idref="fl-7a"/>
      </object_component>
      <object_component id="oc-12f">
         <name>.text:main</name>
         <load_address>0xe53c</load_address>
         <run_address>0xe53c</run_address>
         <size>0x3a</size>
         <input_file_ref idref="fl-5"/>
      </object_component>
      <object_component id="oc-204">
         <name>.text:CS_graceInit</name>
         <load_address>0xe576</load_address>
         <run_address>0xe576</run_address>
         <size>0x38</size>
         <input_file_ref idref="fl-18"/>
      </object_component>
      <object_component id="oc-428">
         <name>.text:__TI_cleanup</name>
         <load_address>0xe5ae</load_address>
         <run_address>0xe5ae</run_address>
         <size>0x36</size>
         <input_file_ref idref="fl-96"/>
      </object_component>
      <object_component id="oc-4af">
         <name>.text:__TI_writemsg</name>
         <load_address>0xe5e4</load_address>
         <run_address>0xe5e4</run_address>
         <size>0x36</size>
         <input_file_ref idref="fl-8d"/>
      </object_component>
      <object_component id="oc-4b5">
         <name>.text:__TI_readmsg</name>
         <load_address>0xe61a</load_address>
         <run_address>0xe61a</run_address>
         <size>0x32</size>
         <input_file_ref idref="fl-8d"/>
      </object_component>
      <object_component id="oc-4e2">
         <name>.text:strncpy</name>
         <load_address>0xe64c</load_address>
         <run_address>0xe64c</run_address>
         <size>0x32</size>
         <input_file_ref idref="fl-8b"/>
      </object_component>
      <object_component id="oc-4a4">
         <name>.text:unlink</name>
         <load_address>0xe67e</load_address>
         <run_address>0xe67e</run_address>
         <size>0x30</size>
         <input_file_ref idref="fl-7a"/>
      </object_component>
      <object_component id="oc-2d5">
         <name>.text:CS_clearAllOscFlagsWithTimeout</name>
         <load_address>0xe6ae</load_address>
         <run_address>0xe6ae</run_address>
         <size>0x2e</size>
         <input_file_ref idref="fl-1d"/>
      </object_component>
      <object_component id="oc-4e8">
         <name>.text:finddevice</name>
         <load_address>0xe6dc</load_address>
         <run_address>0xe6dc</run_address>
         <size>0x2e</size>
         <input_file_ref idref="fl-7a"/>
      </object_component>
      <object_component id="oc-af">
         <name>.text:_isr:_c_int00_noargs_noexit</name>
         <load_address>0xe70a</load_address>
         <run_address>0xe70a</run_address>
         <size>0x26</size>
         <input_file_ref idref="fl-12"/>
      </object_component>
      <object_component id="oc-91">
         <name>.text:decompress:ZI:__TI_zero_init</name>
         <load_address>0xe730</load_address>
         <run_address>0xe730</run_address>
         <size>0x24</size>
         <input_file_ref idref="fl-54"/>
      </object_component>
      <object_component id="oc-263">
         <name>.text</name>
         <load_address>0xe754</load_address>
         <run_address>0xe754</run_address>
         <size>0x24</size>
         <input_file_ref idref="fl-60"/>
      </object_component>
      <object_component id="oc-313">
         <name>.text:GPIO_setAsInputPin</name>
         <load_address>0xe778</load_address>
         <run_address>0xe778</run_address>
         <size>0x22</size>
         <input_file_ref idref="fl-1f"/>
      </object_component>
      <object_component id="oc-3b6">
         <name>.text</name>
         <load_address>0xe79a</load_address>
         <run_address>0xe79a</run_address>
         <size>0x22</size>
         <input_file_ref idref="fl-85"/>
      </object_component>
      <object_component id="oc-17a">
         <name>.text:Grace_init</name>
         <load_address>0xe7bc</load_address>
         <run_address>0xe7bc</run_address>
         <size>0x20</size>
         <input_file_ref idref="fl-16"/>
      </object_component>
      <object_component id="oc-186">
         <name>.text:DelayMicroSeconds</name>
         <load_address>0xe7dc</load_address>
         <run_address>0xe7dc</run_address>
         <size>0x1e</size>
         <input_file_ref idref="fl-4"/>
      </object_component>
      <object_component id="oc-223">
         <name>.text:GPIO_setAsOutputPin</name>
         <load_address>0xe7fa</load_address>
         <run_address>0xe7fa</run_address>
         <size>0x1e</size>
         <input_file_ref idref="fl-1f"/>
      </object_component>
      <object_component id="oc-4dc">
         <name>.text:strchr</name>
         <load_address>0xe818</load_address>
         <run_address>0xe818</run_address>
         <size>0x1c</size>
         <input_file_ref idref="fl-88"/>
      </object_component>
      <object_component id="oc-4f9">
         <name>.text:strcmp</name>
         <load_address>0xe834</load_address>
         <run_address>0xe834</run_address>
         <size>0x1c</size>
         <input_file_ref idref="fl-89"/>
      </object_component>
      <object_component id="oc-319">
         <name>.text:GPIO_getInputPinValue</name>
         <load_address>0xe850</load_address>
         <run_address>0xe850</run_address>
         <size>0x1a</size>
         <input_file_ref idref="fl-1f"/>
      </object_component>
      <object_component id="oc-244">
         <name>.text:_abort_msg</name>
         <load_address>0xe86a</load_address>
         <run_address>0xe86a</run_address>
         <size>0x1a</size>
         <input_file_ref idref="fl-51"/>
      </object_component>
      <object_component id="oc-305">
         <name>.text:WDT_A_hold</name>
         <load_address>0xe884</load_address>
         <run_address>0xe884</run_address>
         <size>0x18</size>
         <input_file_ref idref="fl-20"/>
      </object_component>
      <object_component id="oc-22f">
         <name>.text:GPIO_setOutputHighOnPin</name>
         <load_address>0xe89c</load_address>
         <run_address>0xe89c</run_address>
         <size>0x16</size>
         <input_file_ref idref="fl-1f"/>
      </object_component>
      <object_component id="oc-229">
         <name>.text:GPIO_setOutputLowOnPin</name>
         <load_address>0xe8b2</load_address>
         <run_address>0xe8b2</run_address>
         <size>0x16</size>
         <input_file_ref idref="fl-1f"/>
      </object_component>
      <object_component id="oc-38e">
         <name>.text:memchr</name>
         <load_address>0xe8c8</load_address>
         <run_address>0xe8c8</run_address>
         <size>0x16</size>
         <input_file_ref idref="fl-7d"/>
      </object_component>
      <object_component id="oc-3f9">
         <name>.text</name>
         <load_address>0xe8de</load_address>
         <run_address>0xe8de</run_address>
         <size>0x16</size>
         <input_file_ref idref="fl-83"/>
      </object_component>
      <object_component id="oc-dd">
         <name>.text:memcpy</name>
         <load_address>0xe8f4</load_address>
         <run_address>0xe8f4</run_address>
         <size>0x14</size>
         <input_file_ref idref="fl-7e"/>
      </object_component>
      <object_component id="oc-2c9">
         <name>.text:CS_setDCOFreq</name>
         <load_address>0xe908</load_address>
         <run_address>0xe908</run_address>
         <size>0x12</size>
         <input_file_ref idref="fl-1d"/>
      </object_component>
      <object_component id="oc-6d">
         <name>.text:decompress:none:__TI_decompress_none</name>
         <load_address>0xe91a</load_address>
         <run_address>0xe91a</run_address>
         <size>0x12</size>
         <input_file_ref idref="fl-52"/>
      </object_component>
      <object_component id="oc-4c1">
         <name>.text:strcpy</name>
         <load_address>0xe92c</load_address>
         <run_address>0xe92c</run_address>
         <size>0x12</size>
         <input_file_ref idref="fl-95"/>
      </object_component>
      <object_component id="oc-3c9">
         <name>.text:l_asr</name>
         <load_address>0xe93e</load_address>
         <run_address>0xe93e</run_address>
         <size>0x10</size>
         <input_file_ref idref="fl-90"/>
      </object_component>
      <object_component id="oc-3bf">
         <name>.text:l_lsl</name>
         <load_address>0xe94e</load_address>
         <run_address>0xe94e</run_address>
         <size>0x10</size>
         <input_file_ref idref="fl-7b"/>
      </object_component>
      <object_component id="oc-3c4">
         <name>.text:l_lsr</name>
         <load_address>0xe95e</load_address>
         <run_address>0xe95e</run_address>
         <size>0x10</size>
         <input_file_ref idref="fl-7c"/>
      </object_component>
      <object_component id="oc-2e5">
         <name>.text:EUSCI_B_I2C_setMode</name>
         <load_address>0xe96e</load_address>
         <run_address>0xe96e</run_address>
         <size>0xe</size>
         <input_file_ref idref="fl-1e"/>
      </object_component>
      <object_component id="oc-388">
         <name>.text:strlen</name>
         <load_address>0xe97c</load_address>
         <run_address>0xe97c</run_address>
         <size>0xe</size>
         <input_file_ref idref="fl-8a"/>
      </object_component>
      <object_component id="oc-103">
         <name>.text:.bootCodeSection:ti_catalog_msp430_init_Boot_init</name>
         <load_address>0xe98a</load_address>
         <run_address>0xe98a</run_address>
         <size>0xa</size>
         <input_file_ref idref="fl-9"/>
      </object_component>
      <object_component id="oc-21c">
         <name>.text:WDT_A_graceInit</name>
         <load_address>0xe994</load_address>
         <run_address>0xe994</run_address>
         <size>0xa</size>
         <input_file_ref idref="fl-1c"/>
      </object_component>
      <object_component id="oc-15f">
         <name>.text:.bootCodeSection:ti_catalog_msp430_init_Boot_disableWatchdog</name>
         <load_address>0xe99e</load_address>
         <run_address>0xe99e</run_address>
         <size>0x8</size>
         <input_file_ref idref="fl-15"/>
      </object_component>
      <object_component id="oc-2eb">
         <name>.text:EUSCI_B_I2C_setSlaveAddress</name>
         <load_address>0xe9a6</load_address>
         <run_address>0xe9a6</run_address>
         <size>0x8</size>
         <input_file_ref idref="fl-1e"/>
      </object_component>
      <object_component id="oc-216">
         <name>.text:System_graceInit</name>
         <load_address>0xe9ae</load_address>
         <run_address>0xe9ae</run_address>
         <size>0x8</size>
         <input_file_ref idref="fl-1b"/>
      </object_component>
      <object_component id="oc-2f7">
         <name>.text:EUSCI_B_I2C_disableInterrupt</name>
         <load_address>0xe9b6</load_address>
         <run_address>0xe9b6</run_address>
         <size>0x6</size>
         <input_file_ref idref="fl-1e"/>
      </object_component>
      <object_component id="oc-2f1">
         <name>.text:EUSCI_B_I2C_enable</name>
         <load_address>0xe9bc</load_address>
         <run_address>0xe9bc</run_address>
         <size>0x6</size>
         <input_file_ref idref="fl-1e"/>
      </object_component>
      <object_component id="oc-f7">
         <name>.text:_isr:__TI_ISR_TRAP</name>
         <load_address>0xe9c2</load_address>
         <run_address>0xe9c2</run_address>
         <size>0x6</size>
         <input_file_ref idref="fl-79"/>
      </object_component>
      <object_component id="oc-73">
         <name>.text:decompress:rle24:__TI_decompress_rle24</name>
         <load_address>0xe9c8</load_address>
         <run_address>0xe9c8</run_address>
         <size>0x6</size>
         <input_file_ref idref="fl-53"/>
      </object_component>
      <object_component id="oc-109">
         <name>.text:_system_pre_init</name>
         <load_address>0xe9ce</load_address>
         <run_address>0xe9ce</run_address>
         <size>0x4</size>
         <input_file_ref idref="fl-13"/>
      </object_component>
      <object_component id="oc-128">
         <name>.text:abort</name>
         <load_address>0xe9d2</load_address>
         <run_address>0xe9d2</run_address>
         <size>0x4</size>
         <input_file_ref idref="fl-5c"/>
      </object_component>
      <object_component id="oc-210">
         <name>.text:InterruptVectors_graceInit</name>
         <load_address>0xe9d6</load_address>
         <run_address>0xe9d6</run_address>
         <size>0x2</size>
         <input_file_ref idref="fl-1a"/>
      </object_component>
      <object_component id="oc-1f1">
         <name>.text:_nop</name>
         <load_address>0xe9d8</load_address>
         <run_address>0xe9d8</run_address>
         <size>0x2</size>
         <input_file_ref idref="fl-8f"/>
      </object_component>
      <object_component id="oc-4a3">
         <name>.common:__TI_tmpnams</name>
         <uninitialized>true</uninitialized>
         <run_address>0x1d88</run_address>
         <size>0xa0</size>
      </object_component>
      <object_component id="oc-4ac">
         <name>.common:parmbuf</name>
         <uninitialized>true</uninitialized>
         <run_address>0x1e28</run_address>
         <size>0x8</size>
      </object_component>
      <object_component id="oc-457">
         <name>.common:sys_free</name>
         <uninitialized>true</uninitialized>
         <run_address>0x1e34</run_address>
         <size>0x4</size>
      </object_component>
      <object_component id="oc-49b">
         <name>.common:sys_base</name>
         <uninitialized>true</uninitialized>
         <run_address>0x1e30</run_address>
         <size>0x4</size>
      </object_component>
      <object_component id="oc-49a">
         <name>.common:memsize</name>
         <uninitialized>true</uninitialized>
         <run_address>0x1e38</run_address>
         <size>0x2</size>
      </object_component>
      <object_component id="oc-320">
         <name>.data:_ftable</name>
         <load_address>0x1c00</load_address>
         <run_address>0x1c00</run_address>
         <size>0xc8</size>
         <input_file_ref idref="fl-57"/>
      </object_component>
      <object_component id="oc-3a2">
         <name>.data</name>
         <load_address>0x1d84</load_address>
         <run_address>0x1d84</run_address>
         <size>0x2</size>
         <input_file_ref idref="fl-57"/>
      </object_component>
      <object_component id="oc-43c">
         <name>.data:_device</name>
         <load_address>0x1cc8</load_address>
         <run_address>0x1cc8</run_address>
         <size>0x78</size>
         <input_file_ref idref="fl-7a"/>
      </object_component>
      <object_component id="oc-3fe">
         <name>.data:_stream</name>
         <load_address>0x1d40</load_address>
         <run_address>0x1d40</run_address>
         <size>0x3c</size>
         <input_file_ref idref="fl-7a"/>
      </object_component>
      <object_component id="oc-170">
         <name>.data:_lock</name>
         <load_address>0x1d7c</load_address>
         <run_address>0x1d7c</run_address>
         <size>0x4</size>
         <input_file_ref idref="fl-8f"/>
      </object_component>
      <object_component id="oc-173">
         <name>.data:_unlock</name>
         <load_address>0x1d80</load_address>
         <run_address>0x1d80</run_address>
         <size>0x4</size>
         <input_file_ref idref="fl-8f"/>
      </object_component>
      <object_component id="oc-459">
         <name>.data</name>
         <load_address>0x1d86</load_address>
         <run_address>0x1d86</run_address>
         <size>0x2</size>
         <input_file_ref idref="fl-97"/>
      </object_component>
      <object_component id="oc-d6">
         <name>.stack</name>
         <uninitialized>true</uninitialized>
         <run_address>0x1fc0</run_address>
         <size>0x4</size>
         <input_file_ref idref="fl-11"/>
      </object_component>
      <object_component id="oc-569">
         <name>.stack</name>
         <uninitialized>true</uninitialized>
         <run_address>0x1fc0</run_address>
         <size>0x0</size>
      </object_component>
      <object_component id="oc-79">
         <name>.int31</name>
         <load_address>0xffce</load_address>
         <run_address>0xffce</run_address>
         <size>0x2</size>
         <input_file_ref idref="fl-61"/>
      </object_component>
      <object_component id="oc-7a">
         <name>.int32</name>
         <load_address>0xffd0</load_address>
         <run_address>0xffd0</run_address>
         <size>0x2</size>
         <input_file_ref idref="fl-62"/>
      </object_component>
      <object_component id="oc-7b">
         <name>.int33</name>
         <load_address>0xffd2</load_address>
         <run_address>0xffd2</run_address>
         <size>0x2</size>
         <input_file_ref idref="fl-63"/>
      </object_component>
      <object_component id="oc-7c">
         <name>.int34</name>
         <load_address>0xffd4</load_address>
         <run_address>0xffd4</run_address>
         <size>0x2</size>
         <input_file_ref idref="fl-64"/>
      </object_component>
      <object_component id="oc-7d">
         <name>.int35</name>
         <load_address>0xffd6</load_address>
         <run_address>0xffd6</run_address>
         <size>0x2</size>
         <input_file_ref idref="fl-65"/>
      </object_component>
      <object_component id="oc-7e">
         <name>.int36</name>
         <load_address>0xffd8</load_address>
         <run_address>0xffd8</run_address>
         <size>0x2</size>
         <input_file_ref idref="fl-66"/>
      </object_component>
      <object_component id="oc-7f">
         <name>.int37</name>
         <load_address>0xffda</load_address>
         <run_address>0xffda</run_address>
         <size>0x2</size>
         <input_file_ref idref="fl-67"/>
      </object_component>
      <object_component id="oc-80">
         <name>.int38</name>
         <load_address>0xffdc</load_address>
         <run_address>0xffdc</run_address>
         <size>0x2</size>
         <input_file_ref idref="fl-68"/>
      </object_component>
      <object_component id="oc-81">
         <name>.int39</name>
         <load_address>0xffde</load_address>
         <run_address>0xffde</run_address>
         <size>0x2</size>
         <input_file_ref idref="fl-69"/>
      </object_component>
      <object_component id="oc-82">
         <name>.int40</name>
         <load_address>0xffe0</load_address>
         <run_address>0xffe0</run_address>
         <size>0x2</size>
         <input_file_ref idref="fl-6a"/>
      </object_component>
      <object_component id="oc-83">
         <name>.int41</name>
         <load_address>0xffe2</load_address>
         <run_address>0xffe2</run_address>
         <size>0x2</size>
         <input_file_ref idref="fl-6b"/>
      </object_component>
      <object_component id="oc-84">
         <name>.int42</name>
         <load_address>0xffe4</load_address>
         <run_address>0xffe4</run_address>
         <size>0x2</size>
         <input_file_ref idref="fl-6c"/>
      </object_component>
      <object_component id="oc-85">
         <name>.int43</name>
         <load_address>0xffe6</load_address>
         <run_address>0xffe6</run_address>
         <size>0x2</size>
         <input_file_ref idref="fl-6d"/>
      </object_component>
      <object_component id="oc-86">
         <name>.int44</name>
         <load_address>0xffe8</load_address>
         <run_address>0xffe8</run_address>
         <size>0x2</size>
         <input_file_ref idref="fl-6e"/>
      </object_component>
      <object_component id="oc-87">
         <name>.int45</name>
         <load_address>0xffea</load_address>
         <run_address>0xffea</run_address>
         <size>0x2</size>
         <input_file_ref idref="fl-6f"/>
      </object_component>
      <object_component id="oc-88">
         <name>.int46</name>
         <load_address>0xffec</load_address>
         <run_address>0xffec</run_address>
         <size>0x2</size>
         <input_file_ref idref="fl-70"/>
      </object_component>
      <object_component id="oc-89">
         <name>.int47</name>
         <load_address>0xffee</load_address>
         <run_address>0xffee</run_address>
         <size>0x2</size>
         <input_file_ref idref="fl-71"/>
      </object_component>
      <object_component id="oc-8a">
         <name>.int48</name>
         <load_address>0xfff0</load_address>
         <run_address>0xfff0</run_address>
         <size>0x2</size>
         <input_file_ref idref="fl-72"/>
      </object_component>
      <object_component id="oc-8b">
         <name>.int49</name>
         <load_address>0xfff2</load_address>
         <run_address>0xfff2</run_address>
         <size>0x2</size>
         <input_file_ref idref="fl-73"/>
      </object_component>
      <object_component id="oc-8c">
         <name>.int50</name>
         <load_address>0xfff4</load_address>
         <run_address>0xfff4</run_address>
         <size>0x2</size>
         <input_file_ref idref="fl-74"/>
      </object_component>
      <object_component id="oc-8d">
         <name>.int51</name>
         <load_address>0xfff6</load_address>
         <run_address>0xfff6</run_address>
         <size>0x2</size>
         <input_file_ref idref="fl-75"/>
      </object_component>
      <object_component id="oc-8e">
         <name>.int52</name>
         <load_address>0xfff8</load_address>
         <run_address>0xfff8</run_address>
         <size>0x2</size>
         <input_file_ref idref="fl-76"/>
      </object_component>
      <object_component id="oc-8f">
         <name>.int53</name>
         <load_address>0xfffa</load_address>
         <run_address>0xfffa</run_address>
         <size>0x2</size>
         <input_file_ref idref="fl-77"/>
      </object_component>
      <object_component id="oc-90">
         <name>.int54</name>
         <load_address>0xfffc</load_address>
         <run_address>0xfffc</run_address>
         <size>0x2</size>
         <input_file_ref idref="fl-78"/>
      </object_component>
      <object_component id="oc-d9">
         <name>.reset</name>
         <load_address>0xfffe</load_address>
         <run_address>0xfffe</run_address>
         <size>0x2</size>
         <input_file_ref idref="fl-11"/>
      </object_component>
      <object_component id="oc-d3">
         <name>xdc.meta</name>
         <load_address>0x0</load_address>
         <run_address>0x0</run_address>
         <size>0xec</size>
         <input_file_ref idref="fl-9"/>
      </object_component>
      <object_component id="oc-366">
         <name>.debug_info</name>
         <load_address>0x0</load_address>
         <run_address>0x0</run_address>
         <size>0x2a4</size>
         <input_file_ref idref="fl-2"/>
      </object_component>
      <object_component id="oc-181">
         <name>.debug_info</name>
         <load_address>0x2a4</load_address>
         <run_address>0x2a4</run_address>
         <size>0x1a2</size>
         <input_file_ref idref="fl-2"/>
      </object_component>
      <object_component id="oc-238">
         <name>.debug_info</name>
         <load_address>0x446</load_address>
         <run_address>0x446</run_address>
         <size>0x1b2</size>
         <input_file_ref idref="fl-2"/>
      </object_component>
      <object_component id="oc-257">
         <name>.debug_info</name>
         <load_address>0x5f8</load_address>
         <run_address>0x5f8</run_address>
         <size>0x1b0</size>
         <input_file_ref idref="fl-2"/>
      </object_component>
      <object_component id="oc-23e">
         <name>.debug_info</name>
         <load_address>0x7a8</load_address>
         <run_address>0x7a8</run_address>
         <size>0x2d0</size>
         <input_file_ref idref="fl-2"/>
      </object_component>
      <object_component id="oc-24b">
         <name>.debug_info</name>
         <load_address>0xa78</load_address>
         <run_address>0xa78</run_address>
         <size>0x2f6</size>
         <input_file_ref idref="fl-2"/>
      </object_component>
      <object_component id="oc-332">
         <name>.debug_info</name>
         <load_address>0xd6e</load_address>
         <run_address>0xd6e</run_address>
         <size>0x71</size>
         <input_file_ref idref="fl-2"/>
      </object_component>
      <object_component id="oc-1a4">
         <name>.debug_info</name>
         <load_address>0xddf</load_address>
         <run_address>0xddf</run_address>
         <size>0x19e</size>
         <input_file_ref idref="fl-2"/>
      </object_component>
      <object_component id="oc-2fe">
         <name>.debug_info</name>
         <load_address>0xf7d</load_address>
         <run_address>0xf7d</run_address>
         <size>0xf5</size>
         <input_file_ref idref="fl-2"/>
      </object_component>
      <object_component id="oc-19f">
         <name>.debug_info</name>
         <load_address>0x1072</load_address>
         <run_address>0x1072</run_address>
         <size>0x8b</size>
         <input_file_ref idref="fl-2"/>
      </object_component>
      <object_component id="oc-169">
         <name>.debug_info</name>
         <load_address>0x10fd</load_address>
         <run_address>0x10fd</run_address>
         <size>0x18b</size>
         <input_file_ref idref="fl-2"/>
      </object_component>
      <object_component id="oc-287">
         <name>.debug_info</name>
         <load_address>0x1288</load_address>
         <run_address>0x1288</run_address>
         <size>0x2c</size>
         <input_file_ref idref="fl-2"/>
      </object_component>
      <object_component id="oc-262">
         <name>.debug_info</name>
         <load_address>0x12b4</load_address>
         <run_address>0x12b4</run_address>
         <size>0x2e8</size>
         <input_file_ref idref="fl-3"/>
      </object_component>
      <object_component id="oc-338">
         <name>.debug_info</name>
         <load_address>0x159c</load_address>
         <run_address>0x159c</run_address>
         <size>0xca</size>
         <input_file_ref idref="fl-3"/>
      </object_component>
      <object_component id="oc-251">
         <name>.debug_info</name>
         <load_address>0x1666</load_address>
         <run_address>0x1666</run_address>
         <size>0x1c5</size>
         <input_file_ref idref="fl-3"/>
      </object_component>
      <object_component id="oc-18d">
         <name>.debug_info</name>
         <load_address>0x182b</load_address>
         <run_address>0x182b</run_address>
         <size>0x2f2</size>
         <input_file_ref idref="fl-3"/>
      </object_component>
      <object_component id="oc-199">
         <name>.debug_info</name>
         <load_address>0x1b1d</load_address>
         <run_address>0x1b1d</run_address>
         <size>0x18f</size>
         <input_file_ref idref="fl-3"/>
      </object_component>
      <object_component id="oc-193">
         <name>.debug_info</name>
         <load_address>0x1cac</load_address>
         <run_address>0x1cac</run_address>
         <size>0x19f</size>
         <input_file_ref idref="fl-3"/>
      </object_component>
      <object_component id="oc-25d">
         <name>.debug_info</name>
         <load_address>0x1e4b</load_address>
         <run_address>0x1e4b</run_address>
         <size>0x166</size>
         <input_file_ref idref="fl-3"/>
      </object_component>
      <object_component id="oc-18a">
         <name>.debug_info</name>
         <load_address>0x1fb1</load_address>
         <run_address>0x1fb1</run_address>
         <size>0x14f</size>
         <input_file_ref idref="fl-4"/>
      </object_component>
      <object_component id="oc-132">
         <name>.debug_info</name>
         <load_address>0x2100</load_address>
         <run_address>0x2100</run_address>
         <size>0x19b</size>
         <input_file_ref idref="fl-5"/>
      </object_component>
      <object_component id="oc-13f">
         <name>.debug_info</name>
         <load_address>0x229b</load_address>
         <run_address>0x229b</run_address>
         <size>0x216</size>
         <input_file_ref idref="fl-9"/>
      </object_component>
      <object_component id="oc-d4">
         <name>.debug_info</name>
         <load_address>0x24b1</load_address>
         <run_address>0x24b1</run_address>
         <size>0x15f</size>
         <input_file_ref idref="fl-9"/>
      </object_component>
      <object_component id="oc-107">
         <name>.debug_info</name>
         <load_address>0x2610</load_address>
         <run_address>0x2610</run_address>
         <size>0x18b</size>
         <input_file_ref idref="fl-9"/>
      </object_component>
      <object_component id="oc-1ab">
         <name>.debug_info</name>
         <load_address>0x279b</load_address>
         <run_address>0x279b</run_address>
         <size>0x364</size>
         <input_file_ref idref="fl-9"/>
      </object_component>
      <object_component id="oc-142">
         <name>.debug_info</name>
         <load_address>0x2aff</load_address>
         <run_address>0x2aff</run_address>
         <size>0x84</size>
         <input_file_ref idref="fl-9"/>
      </object_component>
      <object_component id="oc-1d6">
         <name>.debug_info</name>
         <load_address>0x2b83</load_address>
         <run_address>0x2b83</run_address>
         <size>0xd5</size>
         <input_file_ref idref="fl-9"/>
      </object_component>
      <object_component id="oc-282">
         <name>.debug_info</name>
         <load_address>0x2c58</load_address>
         <run_address>0x2c58</run_address>
         <size>0x46</size>
         <input_file_ref idref="fl-9"/>
      </object_component>
      <object_component id="oc-d7">
         <name>.debug_info</name>
         <load_address>0x2c9e</load_address>
         <run_address>0x2c9e</run_address>
         <size>0xd4</size>
         <input_file_ref idref="fl-11"/>
      </object_component>
      <object_component id="oc-28c">
         <name>.debug_info</name>
         <load_address>0x2d72</load_address>
         <run_address>0x2d72</run_address>
         <size>0x2c</size>
         <input_file_ref idref="fl-11"/>
      </object_component>
      <object_component id="oc-1e0">
         <name>.debug_info</name>
         <load_address>0x2d9e</load_address>
         <run_address>0x2d9e</run_address>
         <size>0x2c</size>
         <input_file_ref idref="fl-11"/>
      </object_component>
      <object_component id="oc-b3">
         <name>.debug_info</name>
         <load_address>0x2dca</load_address>
         <run_address>0x2dca</run_address>
         <size>0x1b2</size>
         <input_file_ref idref="fl-12"/>
      </object_component>
      <object_component id="oc-10c">
         <name>.debug_info</name>
         <load_address>0x2f7c</load_address>
         <run_address>0x2f7c</run_address>
         <size>0x11c</size>
         <input_file_ref idref="fl-13"/>
      </object_component>
      <object_component id="oc-168">
         <name>.debug_info</name>
         <load_address>0x3098</load_address>
         <run_address>0x3098</run_address>
         <size>0x9ad</size>
         <input_file_ref idref="fl-14"/>
      </object_component>
      <object_component id="oc-111">
         <name>.debug_info</name>
         <load_address>0x3a45</load_address>
         <run_address>0x3a45</run_address>
         <size>0x1ed</size>
         <input_file_ref idref="fl-14"/>
      </object_component>
      <object_component id="oc-1d1">
         <name>.debug_info</name>
         <load_address>0x3c32</load_address>
         <run_address>0x3c32</run_address>
         <size>0x2b4</size>
         <input_file_ref idref="fl-14"/>
      </object_component>
      <object_component id="oc-1c2">
         <name>.debug_info</name>
         <load_address>0x3ee6</load_address>
         <run_address>0x3ee6</run_address>
         <size>0x363</size>
         <input_file_ref idref="fl-14"/>
      </object_component>
      <object_component id="oc-2a2">
         <name>.debug_info</name>
         <load_address>0x4249</load_address>
         <run_address>0x4249</run_address>
         <size>0x2a1</size>
         <input_file_ref idref="fl-14"/>
      </object_component>
      <object_component id="oc-2bb">
         <name>.debug_info</name>
         <load_address>0x44ea</load_address>
         <run_address>0x44ea</run_address>
         <size>0x237</size>
         <input_file_ref idref="fl-14"/>
      </object_component>
      <object_component id="oc-2c0">
         <name>.debug_info</name>
         <load_address>0x4721</load_address>
         <run_address>0x4721</run_address>
         <size>0x24b</size>
         <input_file_ref idref="fl-14"/>
      </object_component>
      <object_component id="oc-2ac">
         <name>.debug_info</name>
         <load_address>0x496c</load_address>
         <run_address>0x496c</run_address>
         <size>0x16d</size>
         <input_file_ref idref="fl-14"/>
      </object_component>
      <object_component id="oc-1db">
         <name>.debug_info</name>
         <load_address>0x4ad9</load_address>
         <run_address>0x4ad9</run_address>
         <size>0x561</size>
         <input_file_ref idref="fl-14"/>
      </object_component>
      <object_component id="oc-2b1">
         <name>.debug_info</name>
         <load_address>0x503a</load_address>
         <run_address>0x503a</run_address>
         <size>0x14b</size>
         <input_file_ref idref="fl-14"/>
      </object_component>
      <object_component id="oc-1cc">
         <name>.debug_info</name>
         <load_address>0x5185</load_address>
         <run_address>0x5185</run_address>
         <size>0x39</size>
         <input_file_ref idref="fl-14"/>
      </object_component>
      <object_component id="oc-2a7">
         <name>.debug_info</name>
         <load_address>0x51be</load_address>
         <run_address>0x51be</run_address>
         <size>0x12a</size>
         <input_file_ref idref="fl-14"/>
      </object_component>
      <object_component id="oc-14d">
         <name>.debug_info</name>
         <load_address>0x52e8</load_address>
         <run_address>0x52e8</run_address>
         <size>0x2c</size>
         <input_file_ref idref="fl-14"/>
      </object_component>
      <object_component id="oc-1e5">
         <name>.debug_info</name>
         <load_address>0x5314</load_address>
         <run_address>0x5314</run_address>
         <size>0xcd</size>
         <input_file_ref idref="fl-14"/>
      </object_component>
      <object_component id="oc-1c7">
         <name>.debug_info</name>
         <load_address>0x53e1</load_address>
         <run_address>0x53e1</run_address>
         <size>0xb8c</size>
         <input_file_ref idref="fl-14"/>
      </object_component>
      <object_component id="oc-2b6">
         <name>.debug_info</name>
         <load_address>0x5f6d</load_address>
         <run_address>0x5f6d</run_address>
         <size>0x9f</size>
         <input_file_ref idref="fl-14"/>
      </object_component>
      <object_component id="oc-29d">
         <name>.debug_info</name>
         <load_address>0x600c</load_address>
         <run_address>0x600c</run_address>
         <size>0x69</size>
         <input_file_ref idref="fl-14"/>
      </object_component>
      <object_component id="oc-1bf">
         <name>.debug_info</name>
         <load_address>0x6075</load_address>
         <run_address>0x6075</run_address>
         <size>0x1fe</size>
         <input_file_ref idref="fl-15"/>
      </object_component>
      <object_component id="oc-162">
         <name>.debug_info</name>
         <load_address>0x6273</load_address>
         <run_address>0x6273</run_address>
         <size>0x16e</size>
         <input_file_ref idref="fl-15"/>
      </object_component>
      <object_component id="oc-1ba">
         <name>.debug_info</name>
         <load_address>0x63e1</load_address>
         <run_address>0x63e1</run_address>
         <size>0x363</size>
         <input_file_ref idref="fl-15"/>
      </object_component>
      <object_component id="oc-291">
         <name>.debug_info</name>
         <load_address>0x6744</load_address>
         <run_address>0x6744</run_address>
         <size>0x46</size>
         <input_file_ref idref="fl-15"/>
      </object_component>
      <object_component id="oc-296">
         <name>.debug_info</name>
         <load_address>0x678a</load_address>
         <run_address>0x678a</run_address>
         <size>0x2c</size>
         <input_file_ref idref="fl-15"/>
      </object_component>
      <object_component id="oc-17e">
         <name>.debug_info</name>
         <load_address>0x67b6</load_address>
         <run_address>0x67b6</run_address>
         <size>0x191</size>
         <input_file_ref idref="fl-16"/>
      </object_component>
      <object_component id="oc-1ff">
         <name>.debug_info</name>
         <load_address>0x6947</load_address>
         <run_address>0x6947</run_address>
         <size>0x10f</size>
         <input_file_ref idref="fl-17"/>
      </object_component>
      <object_component id="oc-206">
         <name>.debug_info</name>
         <load_address>0x6a56</load_address>
         <run_address>0x6a56</run_address>
         <size>0x17f</size>
         <input_file_ref idref="fl-18"/>
      </object_component>
      <object_component id="oc-36c">
         <name>.debug_info</name>
         <load_address>0x6bd5</load_address>
         <run_address>0x6bd5</run_address>
         <size>0x28f</size>
         <input_file_ref idref="fl-19"/>
      </object_component>
      <object_component id="oc-2dd">
         <name>.debug_info</name>
         <load_address>0x6e64</load_address>
         <run_address>0x6e64</run_address>
         <size>0xcc</size>
         <input_file_ref idref="fl-19"/>
      </object_component>
      <object_component id="oc-20e">
         <name>.debug_info</name>
         <load_address>0x6f30</load_address>
         <run_address>0x6f30</run_address>
         <size>0x38d</size>
         <input_file_ref idref="fl-19"/>
      </object_component>
      <object_component id="oc-211">
         <name>.debug_info</name>
         <load_address>0x72bd</load_address>
         <run_address>0x72bd</run_address>
         <size>0x141</size>
         <input_file_ref idref="fl-1a"/>
      </object_component>
      <object_component id="oc-217">
         <name>.debug_info</name>
         <load_address>0x73fe</load_address>
         <run_address>0x73fe</run_address>
         <size>0x10f</size>
         <input_file_ref idref="fl-1b"/>
      </object_component>
      <object_component id="oc-21f">
         <name>.debug_info</name>
         <load_address>0x750d</load_address>
         <run_address>0x750d</run_address>
         <size>0x11b</size>
         <input_file_ref idref="fl-1c"/>
      </object_component>
      <object_component id="oc-2d1">
         <name>.debug_info</name>
         <load_address>0x7628</load_address>
         <run_address>0x7628</run_address>
         <size>0x2b2</size>
         <input_file_ref idref="fl-1d"/>
      </object_component>
      <object_component id="oc-2d7">
         <name>.debug_info</name>
         <load_address>0x78da</load_address>
         <run_address>0x78da</run_address>
         <size>0x212</size>
         <input_file_ref idref="fl-1d"/>
      </object_component>
      <object_component id="oc-2cb">
         <name>.debug_info</name>
         <load_address>0x7aec</load_address>
         <run_address>0x7aec</run_address>
         <size>0x1f9</size>
         <input_file_ref idref="fl-1d"/>
      </object_component>
      <object_component id="oc-373">
         <name>.debug_info</name>
         <load_address>0x7ce5</load_address>
         <run_address>0x7ce5</run_address>
         <size>0x17f</size>
         <input_file_ref idref="fl-1e"/>
      </object_component>
      <object_component id="oc-2e0">
         <name>.debug_info</name>
         <load_address>0x7e64</load_address>
         <run_address>0x7e64</run_address>
         <size>0x27c</size>
         <input_file_ref idref="fl-1e"/>
      </object_component>
      <object_component id="oc-2f2">
         <name>.debug_info</name>
         <load_address>0x80e0</load_address>
         <run_address>0x80e0</run_address>
         <size>0x214</size>
         <input_file_ref idref="fl-1e"/>
      </object_component>
      <object_component id="oc-2ec">
         <name>.debug_info</name>
         <load_address>0x82f4</load_address>
         <run_address>0x82f4</run_address>
         <size>0x268</size>
         <input_file_ref idref="fl-1e"/>
      </object_component>
      <object_component id="oc-2e6">
         <name>.debug_info</name>
         <load_address>0x855c</load_address>
         <run_address>0x855c</run_address>
         <size>0x238</size>
         <input_file_ref idref="fl-1e"/>
      </object_component>
      <object_component id="oc-2f8">
         <name>.debug_info</name>
         <load_address>0x8794</load_address>
         <run_address>0x8794</run_address>
         <size>0x24a</size>
         <input_file_ref idref="fl-1e"/>
      </object_component>
      <object_component id="oc-37b">
         <name>.debug_info</name>
         <load_address>0x89de</load_address>
         <run_address>0x89de</run_address>
         <size>0x179</size>
         <input_file_ref idref="fl-1f"/>
      </object_component>
      <object_component id="oc-30d">
         <name>.debug_info</name>
         <load_address>0x8b57</load_address>
         <run_address>0x8b57</run_address>
         <size>0x118</size>
         <input_file_ref idref="fl-1f"/>
      </object_component>
      <object_component id="oc-224">
         <name>.debug_info</name>
         <load_address>0x8c6f</load_address>
         <run_address>0x8c6f</run_address>
         <size>0x266</size>
         <input_file_ref idref="fl-1f"/>
      </object_component>
      <object_component id="oc-315">
         <name>.debug_info</name>
         <load_address>0x8ed5</load_address>
         <run_address>0x8ed5</run_address>
         <size>0x264</size>
         <input_file_ref idref="fl-1f"/>
      </object_component>
      <object_component id="oc-231">
         <name>.debug_info</name>
         <load_address>0x9139</load_address>
         <run_address>0x9139</run_address>
         <size>0x271</size>
         <input_file_ref idref="fl-1f"/>
      </object_component>
      <object_component id="oc-22b">
         <name>.debug_info</name>
         <load_address>0x93aa</load_address>
         <run_address>0x93aa</run_address>
         <size>0x26f</size>
         <input_file_ref idref="fl-1f"/>
      </object_component>
[...]
         <value>0xdf46</value>
         <object_component_ref idref="oc-268"/>
      </symbol>
      <symbol id="sm-593">
         <name>__TI_tmpnams</name>
         <value>0x1d88</value>
      </symbol>
      <symbol id="sm-594">
         <name>_ftable</name>
         <value>0x1c00</value>
         <object_component_ref idref="oc-320"/>
      </symbol>
      <symbol id="sm-595">
         <name>__TI_ft_end</name>
         <value>0x1d84</value>
         <object_component_ref idref="oc-3a2"/>
      </symbol>
      <symbol id="sm-5a8">
         <name>__mspabi_remul</name>
         <value>0xe0b6</value>
         <object_component_ref idref="oc-36d"/>
      </symbol>
      <symbol id="sm-5a9">
         <name>__mspabi_divul</name>
         <value>0xe0b6</value>
         <object_component_ref idref="oc-36d"/>
      </symbol>
      <symbol id="sm-5b4">
         <name>C$$EXIT</name>
         <value>0xe9d2</value>
         <object_component_ref idref="oc-128"/>
      </symbol>
      <symbol id="sm-5b5">
         <name>abort</name>
         <value>0xe9d2</value>
         <object_component_ref idref="oc-128"/>
      </symbol>
      <symbol id="sm-5d1">
         <name>__TI_doflush</name>
         <value>0xdee2</value>
         <object_component_ref idref="oc-394"/>
      </symbol>
      <symbol id="sm-5d2">
         <name>fflush</name>
         <value>0xe05e</value>
         <object_component_ref idref="oc-329"/>
      </symbol>
      <symbol id="sm-5ea">
         <name>fputs</name>
         <value>0xd386</value>
         <object_component_ref idref="oc-323"/>
      </symbol>
      <symbol id="sm-60b">
         <name>__TI_frcaddd</name>
         <value>0xd03e</value>
         <object_component_ref idref="oc-357"/>
      </symbol>
      <symbol id="sm-61b">
         <name>__mspabi_fltuf</name>
         <value>0xe754</value>
         <object_component_ref idref="oc-263"/>
      </symbol>
      <symbol id="sm-61e">
         <name>__TI_int31</name>
         <value>0xffce</value>
         <object_component_ref idref="oc-79"/>
      </symbol>
      <symbol id="sm-621">
         <name>__TI_int32</name>
         <value>0xffd0</value>
         <object_component_ref idref="oc-7a"/>
      </symbol>
      <symbol id="sm-624">
         <name>__TI_int33</name>
         <value>0xffd2</value>
         <object_component_ref idref="oc-7b"/>
      </symbol>
      <symbol id="sm-627">
         <name>__TI_int34</name>
         <value>0xffd4</value>
         <object_component_ref idref="oc-7c"/>
      </symbol>
      <symbol id="sm-62a">
         <name>__TI_int35</name>
         <value>0xffd6</value>
         <object_component_ref idref="oc-7d"/>
      </symbol>
      <symbol id="sm-62d">
         <name>__TI_int36</name>
         <value>0xffd8</value>
         <object_component_ref idref="oc-7e"/>
      </symbol>
      <symbol id="sm-630">
         <name>__TI_int37</name>
         <value>0xffda</value>
         <object_component_ref idref="oc-7f"/>
      </symbol>
      <symbol id="sm-633">
         <name>__TI_int38</name>
         <value>0xffdc</value>
         <object_component_ref idref="oc-80"/>
      </symbol>
      <symbol id="sm-636">
         <name>__TI_int39</name>
         <value>0xffde</value>
         <object_component_ref idref="oc-81"/>
      </symbol>
      <symbol id="sm-639">
         <name>__TI_int40</name>
         <value>0xffe0</value>
         <object_component_ref idref="oc-82"/>
      </symbol>
      <symbol id="sm-63c">
         <name>__TI_int41</name>
         <value>0xffe2</value>
         <object_component_ref idref="oc-83"/>
      </symbol>
      <symbol id="sm-63f">
         <name>__TI_int42</name>
         <value>0xffe4</value>
         <object_component_ref idref="oc-84"/>
      </symbol>
      <symbol id="sm-642">
         <name>__TI_int43</name>
         <value>0xffe6</value>
         <object_component_ref idref="oc-85"/>
      </symbol>
      <symbol id="sm-645">
         <name>__TI_int44</name>
         <value>0xffe8</value>
         <object_component_ref idref="oc-86"/>
      </symbol>
      <symbol id="sm-648">
         <name>__TI_int45</name>
         <value>0xffea</value>
         <object_component_ref idref="oc-87"/>
      </symbol>
      <symbol id="sm-64b">
         <name>__TI_int46</name>
         <value>0xffec</value>
         <object_component_ref idref="oc-88"/>
      </symbol>
      <symbol id="sm-64e">
         <name>__TI_int47</name>
         <value>0xffee</value>
         <object_component_ref idref="oc-89"/>
      </symbol>
      <symbol id="sm-651">
         <name>__TI_int48</name>
         <value>0xfff0</value>
         <object_component_ref idref="oc-8a"/>
      </symbol>
      <symbol id="sm-654">
         <name>__TI_int49</name>
         <value>0xfff2</value>
         <object_component_ref idref="oc-8b"/>
      </symbol>
      <symbol id="sm-657">
         <name>__TI_int50</name>
         <value>0xfff4</value>
         <object_component_ref idref="oc-8c"/>
      </symbol>
      <symbol id="sm-65a">
         <name>__TI_int51</name>
         <value>0xfff6</value>
         <object_component_ref idref="oc-8d"/>
      </symbol>
      <symbol id="sm-65d">
         <name>__TI_int52</name>
         <value>0xfff8</value>
         <object_component_ref idref="oc-8e"/>
      </symbol>
      <symbol id="sm-660">
         <name>__TI_int53</name>
         <value>0xfffa</value>
         <object_component_ref idref="oc-8f"/>
      </symbol>
      <symbol id="sm-663">
         <name>__TI_int54</name>
         <value>0xfffc</value>
         <object_component_ref idref="oc-90"/>
      </symbol>
      <symbol id="sm-66b">
         <name>__TI_ISR_TRAP</name>
         <value>0xe9c2</value>
         <object_component_ref idref="oc-f7"/>
      </symbol>
      <symbol id="sm-6c8">
         <name>lseek</name>
         <value>0xe4c2</value>
         <object_component_ref idref="oc-414"/>
      </symbol>
      <symbol id="sm-6c9">
         <name>write</name>
         <value>0xe500</value>
         <object_component_ref idref="oc-39a"/>
      </symbol>
      <symbol id="sm-6ca">
         <name>close</name>
         <value>0xdfaa</value>
         <object_component_ref idref="oc-49d"/>
      </symbol>
      <symbol id="sm-6cb">
         <name>unlink</name>
         <value>0xe67e</value>
         <object_component_ref idref="oc-4a4"/>
      </symbol>
      <symbol id="sm-6db">
         <name>__mspabi_slll_9</name>
         <value>0xe45e</value>
         <object_component_ref idref="oc-35f"/>
      </symbol>
      <symbol id="sm-6dc">
         <name>__mspabi_slll_8</name>
         <value>0xe462</value>
         <object_component_ref idref="oc-35f"/>
      </symbol>
      <symbol id="sm-6dd">
         <name>__mspabi_slll_7</name>
         <value>0xe466</value>
         <object_component_ref idref="oc-35f"/>
      </symbol>
      <symbol id="sm-6de">
         <name>__mspabi_slll_6</name>
         <value>0xe46a</value>
         <object_component_ref idref="oc-35f"/>
      </symbol>
      <symbol id="sm-6df">
         <name>__mspabi_slll_5</name>
         <value>0xe46e</value>
         <object_component_ref idref="oc-35f"/>
      </symbol>
      <symbol id="sm-6e0">
         <name>__mspabi_slll_4</name>
         <value>0xe472</value>
         <object_component_ref idref="oc-35f"/>
      </symbol>
      <symbol id="sm-6e1">
         <name>__mspabi_slll_3</name>
         <value>0xe476</value>
         <object_component_ref idref="oc-35f"/>
      </symbol>
      <symbol id="sm-6e2">
         <name>__mspabi_slll_2</name>
         <value>0xe47a</value>
         <object_component_ref idref="oc-35f"/>
      </symbol>
      <symbol id="sm-6e3">
         <name>__mspabi_slll_1</name>
         <value>0xe47e</value>
         <object_component_ref idref="oc-35f"/>
      </symbol>
      <symbol id="sm-6e4">
         <name>__mspabi_slll</name>
         <value>0xe94e</value>
         <object_component_ref idref="oc-3bf"/>
      </symbol>
      <symbol id="sm-6e5">
         <name>__mspabi_slll_15</name>
         <value>0xe446</value>
         <object_component_ref idref="oc-35f"/>
      </symbol>
      <symbol id="sm-6e6">
         <name>__mspabi_slll_14</name>
         <value>0xe44a</value>
         <object_component_ref idref="oc-35f"/>
      </symbol>
      <symbol id="sm-6e7">
         <name>__mspabi_slll_13</name>
         <value>0xe44e</value>
         <object_component_ref idref="oc-35f"/>
      </symbol>
      <symbol id="sm-6e8">
         <name>__mspabi_slll_12</name>
         <value>0xe452</value>
         <object_component_ref idref="oc-35f"/>
      </symbol>
      <symbol id="sm-6e9">
         <name>__mspabi_slll_11</name>
         <value>0xe456</value>
         <object_component_ref idref="oc-35f"/>
      </symbol>
      <symbol id="sm-6ea">
         <name>__mspabi_slll_10</name>
         <value>0xe45a</value>
         <object_component_ref idref="oc-35f"/>
      </symbol>
      <symbol id="sm-6fa">
         <name>__mspabi_srll_8</name>
         <value>0xe4a0</value>
         <object_component_ref idref="oc-3b1"/>
      </symbol>
      <symbol id="sm-6fb">
         <name>__mspabi_srll_9</name>
         <value>0xe49c</value>
         <object_component_ref idref="oc-3b1"/>
      </symbol>
      <symbol id="sm-6fc">
         <name>__mspabi_srll_6</name>
         <value>0xe4a8</value>
         <object_component_ref idref="oc-3b1"/>
      </symbol>
      <symbol id="sm-6fd">
         <name>__mspabi_srll_7</name>
         <value>0xe4a4</value>
         <object_component_ref idref="oc-3b1"/>
      </symbol>
      <symbol id="sm-6fe">
         <name>__mspabi_srll_4</name>
         <value>0xe4b0</value>
         <object_component_ref idref="oc-3b1"/>
      </symbol>
      <symbol id="sm-6ff">
         <name>__mspabi_srll_5</name>
         <value>0xe4ac</value>
         <object_component_ref idref="oc-3b1"/>
      </symbol>
      <symbol id="sm-700">
         <name>__mspabi_srll_2</name>
         <value>0xe4b8</value>
         <object_component_ref idref="oc-3b1"/>
      </symbol>
      <symbol id="sm-701">
         <name>__mspabi_srll_3</name>
         <value>0xe4b4</value>
         <object_component_ref idref="oc-3b1"/>
      </symbol>
      <symbol id="sm-702">
         <name>__mspabi_srll_1</name>
         <value>0xe4bc</value>
         <object_component_ref idref="oc-3b1"/>
      </symbol>
      <symbol id="sm-703">
         <name>__mspabi_srll_15</name>
         <value>0xe484</value>
         <object_component_ref idref="oc-3b1"/>
      </symbol>
      <symbol id="sm-704">
         <name>__mspabi_srll_14</name>
         <value>0xe488</value>
         <object_component_ref idref="oc-3b1"/>
      </symbol>
      <symbol id="sm-705">
         <name>__mspabi_srll_13</name>
         <value>0xe48c</value>
         <object_component_ref idref="oc-3b1"/>
      </symbol>
      <symbol id="sm-706">
         <name>__mspabi_srll_12</name>
         <value>0xe490</value>
         <object_component_ref idref="oc-3b1"/>
      </symbol>
      <symbol id="sm-707">
         <name>__mspabi_srll_11</name>
         <value>0xe494</value>
         <object_component_ref idref="oc-3b1"/>
      </symbol>
      <symbol id="sm-708">
         <name>__mspabi_srll_10</name>
         <value>0xe498</value>
         <object_component_ref idref="oc-3b1"/>
      </symbol>
      <symbol id="sm-709">
         <name>__mspabi_srll</name>
         <value>0xe95e</value>
         <object_component_ref idref="oc-3c4"/>
      </symbol>
      <symbol id="sm-718">
         <name>memchr</name>
         <value>0xe8c8</value>
         <object_component_ref idref="oc-38e"/>
      </symbol>
      <symbol id="sm-726">
         <name>memcpy</name>
         <value>0xe8f4</value>
         <object_component_ref idref="oc-dd"/>
      </symbol>
      <symbol id="sm-747">
         <name>__mspabi_mpyd</name>
         <value>0xcdbc</value>
         <object_component_ref idref="oc-26e"/>
      </symbol>
      <symbol id="sm-75d">
         <name>__mspabi_mpyi_f5hw</name>
         <value>0xe8de</value>
         <object_component_ref idref="oc-3f9"/>
      </symbol>
      <symbol id="sm-77e">
         <name>__mspabi_mpyl_f5hw</name>
         <value>0xe79a</value>
         <object_component_ref idref="oc-3b6"/>
      </symbol>
      <symbol id="sm-79f">
         <name>__TI_renormd</name>
         <value>0xd784</value>
         <object_component_ref idref="oc-3ce"/>
      </symbol>
      <symbol id="sm-7ae">
         <name>strchr</name>
         <value>0xe818</value>
         <object_component_ref idref="oc-4dc"/>
      </symbol>
      <symbol id="sm-7bc">
         <name>strcmp</name>
         <value>0xe834</value>
         <object_component_ref idref="oc-4f9"/>
      </symbol>
      <symbol id="sm-7c9">
         <name>strlen</name>
         <value>0xe97c</value>
         <object_component_ref idref="oc-388"/>
      </symbol>
      <symbol id="sm-7d9">
         <name>strncpy</name>
         <value>0xe64c</value>
         <object_component_ref idref="oc-4e2"/>
      </symbol>
      <symbol id="sm-814">
         <name>HOSTrename</name>
         <value>0xdb16</value>
         <object_component_ref idref="oc-490"/>
      </symbol>
      <symbol id="sm-815">
         <name>HOSTclose</name>
         <value>0xe1ae</value>
         <object_component_ref idref="oc-472"/>
      </symbol>
      <symbol id="sm-816">
         <name>HOSTunlink</name>
         <value>0xe244</value>
         <object_component_ref idref="oc-48a"/>
      </symbol>
      <symbol id="sm-817">
         <name>HOSTlseek</name>
         <value>0xd8e0</value>
         <object_component_ref idref="oc-484"/>
      </symbol>
      <symbol id="sm-818">
         <name>HOSTopen</name>
         <value>0xdc6a</value>
         <object_component_ref idref="oc-46c"/>
      </symbol>
      <symbol id="sm-819">
         <name>HOSTwrite</name>
         <value>0xdcd8</value>
         <object_component_ref idref="oc-47e"/>
      </symbol>
      <symbol id="sm-81a">
         <name>HOSTread</name>
         <value>0xddac</value>
         <object_component_ref idref="oc-478"/>
      </symbol>
      <symbol id="sm-838">
         <name>__TI_readmsg</name>
         <value>0xe61a</value>
         <object_component_ref idref="oc-4b5"/>
      </symbol>
      <symbol id="sm-839">
         <name>C$$IO$$</name>
         <value>0xe616</value>
         <object_component_ref idref="oc-4af"/>
      </symbol>
      <symbol id="sm-83a">
         <name>_CIOBUF_</name>
         <value>0xc200</value>
         <object_component_ref idref="oc-4d4"/>
      </symbol>
      <symbol id="sm-83b">
         <name>__TI_writemsg</name>
         <value>0xe5e4</value>
         <object_component_ref idref="oc-4af"/>
      </symbol>
      <symbol id="sm-853">
         <name>__TI_wrt_ok</name>
         <value>0xda98</value>
         <object_component_ref idref="oc-382"/>
      </symbol>
      <symbol id="sm-869">
         <name>_nop</name>
         <value>0xe9d8</value>
         <object_component_ref idref="oc-1f1"/>
      </symbol>
      <symbol id="sm-86a">
         <name>_lock</name>
         <value>0x1d7c</value>
         <object_component_ref idref="oc-170"/>
      </symbol>
      <symbol id="sm-86b">
         <name>_unlock</name>
         <value>0x1d80</value>
         <object_component_ref idref="oc-173"/>
      </symbol>
      <symbol id="sm-87b">
         <name>__mspabi_sral</name>
         <value>0xe93e</value>
         <object_component_ref idref="oc-3c9"/>
      </symbol>
      <symbol id="sm-87c">
         <name>__mspabi_sral_15</name>
         <value>0xe408</value>
         <object_component_ref idref="oc-33f"/>
      </symbol>
      <symbol id="sm-87d">
         <name>__mspabi_sral_14</name>
         <value>0xe40c</value>
         <object_component_ref idref="oc-33f"/>
      </symbol>
      <symbol id="sm-87e">
         <name>__mspabi_sral_13</name>
         <value>0xe410</value>
         <object_component_ref idref="oc-33f"/>
      </symbol>
      <symbol id="sm-87f">
         <name>__mspabi_sral_12</name>
         <value>0xe414</value>
         <object_component_ref idref="oc-33f"/>
      </symbol>
      <symbol id="sm-880">
         <name>__mspabi_sral_11</name>
         <value>0xe418</value>
         <object_component_ref idref="oc-33f"/>
      </symbol>
      <symbol id="sm-881">
         <name>__mspabi_sral_10</name>
         <value>0xe41c</value>
         <object_component_ref idref="oc-33f"/>
      </symbol>
      <symbol id="sm-882">
         <name>__mspabi_sral_8</name>
         <value>0xe424</value>
         <object_component_ref idref="oc-33f"/>
      </symbol>
      <symbol id="sm-883">
         <name>__mspabi_sral_9</name>
         <value>0xe420</value>
         <object_component_ref idref="oc-33f"/>
      </symbol>
      <symbol id="sm-884">
         <name>__mspabi_sral_6</name>
         <value>0xe42c</value>
         <object_component_ref idref="oc-33f"/>
      </symbol>
      <symbol id="sm-885">
         <name>__mspabi_sral_7</name>
         <value>0xe428</value>
         <object_component_ref idref="oc-33f"/>
      </symbol>
      <symbol id="sm-886">
         <name>__mspabi_sral_4</name>
         <value>0xe434</value>
         <object_component_ref idref="oc-33f"/>
      </symbol>
      <symbol id="sm-887">
         <name>__mspabi_sral_5</name>
         <value>0xe430</value>
         <object_component_ref idref="oc-33f"/>
      </symbol>
      <symbol id="sm-888">
         <name>__mspabi_sral_2</name>
         <value>0xe43c</value>
         <object_component_ref idref="oc-33f"/>
      </symbol>
      <symbol id="sm-889">
         <name>__mspabi_sral_3</name>
         <value>0xe438</value>
         <object_component_ref idref="oc-33f"/>
      </symbol>
      <symbol id="sm-88a">
         <name>__mspabi_sral_1</name>
         <value>0xe440</value>
         <object_component_ref idref="oc-33f"/>
      </symbol>
      <symbol id="sm-89b">
         <name>__TI_frcmpyd</name>
         <value>0xc800</value>
         <object_component_ref idref="oc-34a"/>
      </symbol>
      <symbol id="sm-8ab">
         <name>fseek</name>
         <value>0xdd42</value>
         <object_component_ref idref="oc-3e6"/>
      </symbol>
      <symbol id="sm-8c4">
         <name>setvbuf</name>
         <value>0xd476</value>
         <object_component_ref idref="oc-3ec"/>
      </symbol>
      <symbol id="sm-8d1">
         <name>strcpy</name>
         <value>0xe92c</value>
         <object_component_ref idref="oc-4c1"/>
      </symbol>
      <symbol id="sm-8dd">
         <name>__TI_cleanup</name>
         <value>0xe5ae</value>
         <object_component_ref idref="oc-428"/>
      </symbol>
      <symbol id="sm-923">
         <name>_sys_memory</name>
         <value>0xc320</value>
         <object_component_ref idref="oc-da"/>
      </symbol>
      <symbol id="sm-924">
         <name>free</name>
         <value>0xd97e</value>
         <object_component_ref idref="oc-41c"/>
      </symbol>
      <symbol id="sm-925">
         <name>malloc</name>
         <value>0xd618</value>
         <object_component_ref idref="oc-422"/>
      </symbol>
      <symbol id="sm-926">
         <name>minit</name>
         <value>0xe2ce</value>
         <object_component_ref idref="oc-45c"/>
      </symbol>
      <symbol id="sm-938">
         <name>__TI_closefile</name>
         <value>0xdb8a</value>
         <object_component_ref idref="oc-463"/>
      </symbol>
      <symbol id="sm-93e">
         <name>__TI_INITARRAY_Base</name>
         <value>0x0</value>
      </symbol>
      <symbol id="sm-93f">
         <name>__TI_INITARRAY_Limit</name>
         <value>0x0</value>
      </symbol>
      <symbol id="sm-940">
         <name>__TI_cleanup_ptr</name>
         <value>0x0</value>
      </symbol>
      <symbol id="sm-941">
         <name>remove</name>
         <value>0xe67e</value>
      </symbol>
   </symbol_table>
   <title>Link errors: red sections failed placement</title>
</link_info>
